2025-03-18T13:04:08.670609+08:00 test-System-Product-Name kernel: Linux version 98.98.98-rc7-wcnm (root@test-System-Product-Name) (gcc (Ubuntu 13.3.0-6ubuntu2~24.04) 13.3.0, GNU ld (GNU Binutils for Ubuntu) 2.42) #10 SMP PREEMPT_DYNAMIC Sun Mar 16 16:38:17 CST 2025 (Ubuntu 6.8.0-51.52-generic 6.8.12)
2025-03-18T13:04:08.670625+08:00 test-System-Product-Name kernel: Command line: BOOT_IMAGE=/boot/vmlinuz-98.98.98-rc7-wcnm root=UUID=709fc7f6-2511-4993-91e8-7fbd42922eaa ro quiet splash vt.handoff=7
2025-03-18T13:04:08.670632+08:00 test-System-Product-Name kernel: KERNEL supported cpus:
2025-03-18T13:04:08.670634+08:00 test-System-Product-Name kernel:   Intel GenuineIntel
2025-03-18T13:04:08.670635+08:00 test-System-Product-Name kernel:   AMD AuthenticAMD
2025-03-18T13:04:08.670660+08:00 test-System-Product-Name kernel:   Hygon HygonGenuine
2025-03-18T13:04:08.670661+08:00 test-System-Product-Name kernel:   Centaur CentaurHauls
2025-03-18T13:04:08.670666+08:00 test-System-Product-Name kernel:   zhaoxin   Shanghai  
2025-03-18T13:04:08.670669+08:00 test-System-Product-Name kernel: x86/tme: not enabled by BIOS
2025-03-18T13:04:08.670670+08:00 test-System-Product-Name kernel: x86/split lock detection: #AC: crashing the kernel on kernel split_locks and warning on user-space split_locks
2025-03-18T13:04:08.670671+08:00 test-System-Product-Name kernel: BIOS-provided physical RAM map:
2025-03-18T13:04:08.670672+08:00 test-System-Product-Name kernel: BIOS-e820: [mem 0x0000000000000000-0x000000000009dfff] usable
2025-03-18T13:04:08.670673+08:00 test-System-Product-Name kernel: BIOS-e820: [mem 0x000000000009e000-0x000000000009efff] reserved
2025-03-18T13:04:08.670679+08:00 test-System-Product-Name kernel: BIOS-e820: [mem 0x000000000009f000-0x000000000009ffff] usable
2025-03-18T13:04:08.670681+08:00 test-System-Product-Name kernel: BIOS-e820: [mem 0x00000000000a0000-0x00000000000fffff] reserved
2025-03-18T13:04:08.670682+08:00 test-System-Product-Name kernel: BIOS-e820: [mem 0x0000000000100000-0x0000000062652fff] usable
2025-03-18T13:04:08.670683+08:00 test-System-Product-Name kernel: BIOS-e820: [mem 0x0000000062653000-0x0000000062653fff] reserved
2025-03-18T13:04:08.670684+08:00 test-System-Product-Name kernel: BIOS-e820: [mem 0x0000000062654000-0x0000000063e9bfff] usable
2025-03-18T13:04:08.670686+08:00 test-System-Product-Name kernel: BIOS-e820: [mem 0x0000000063e9c000-0x0000000063e9cfff] reserved
2025-03-18T13:04:08.670687+08:00 test-System-Product-Name kernel: BIOS-e820: [mem 0x0000000063e9d000-0x000000007059bfff] usable
2025-03-18T13:04:08.670697+08:00 test-System-Product-Name kernel: BIOS-e820: [mem 0x000000007059c000-0x000000007429bfff] reserved
2025-03-18T13:04:08.670699+08:00 test-System-Product-Name kernel: BIOS-e820: [mem 0x000000007429c000-0x00000000744ebfff] ACPI data
2025-03-18T13:04:08.670700+08:00 test-System-Product-Name kernel: BIOS-e820: [mem 0x00000000744ec000-0x000000007471efff] ACPI NVS
2025-03-18T13:04:08.670701+08:00 test-System-Product-Name kernel: BIOS-e820: [mem 0x000000007471f000-0x0000000075ffefff] reserved
2025-03-18T13:04:08.670702+08:00 test-System-Product-Name kernel: BIOS-e820: [mem 0x0000000075fff000-0x0000000075ffffff] usable
2025-03-18T13:04:08.670705+08:00 test-System-Product-Name kernel: BIOS-e820: [mem 0x0000000076000000-0x0000000079ffffff] reserved
2025-03-18T13:04:08.670709+08:00 test-System-Product-Name kernel: BIOS-e820: [mem 0x000000007a400000-0x000000007a7fffff] reserved
2025-03-18T13:04:08.670721+08:00 test-System-Product-Name kernel: BIOS-e820: [mem 0x000000007b000000-0x00000000807fffff] reserved
2025-03-18T13:04:08.670723+08:00 test-System-Product-Name kernel: BIOS-e820: [mem 0x00000000c0000000-0x00000000cfffffff] reserved
2025-03-18T13:04:08.670724+08:00 test-System-Product-Name kernel: BIOS-e820: [mem 0x00000000fe000000-0x00000000fe010fff] reserved
2025-03-18T13:04:08.670725+08:00 test-System-Product-Name kernel: BIOS-e820: [mem 0x00000000fec00000-0x00000000fec00fff] reserved
2025-03-18T13:04:08.670726+08:00 test-System-Product-Name kernel: BIOS-e820: [mem 0x00000000fed00000-0x00000000fed00fff] reserved
2025-03-18T13:04:08.670730+08:00 test-System-Product-Name kernel: BIOS-e820: [mem 0x00000000fed20000-0x00000000fed7ffff] reserved
2025-03-18T13:04:08.670732+08:00 test-System-Product-Name kernel: BIOS-e820: [mem 0x00000000fee00000-0x00000000fee00fff] reserved
2025-03-18T13:04:08.670733+08:00 test-System-Product-Name kernel: BIOS-e820: [mem 0x00000000ff000000-0x00000000ffffffff] reserved
2025-03-18T13:04:08.670734+08:00 test-System-Product-Name kernel: BIOS-e820: [mem 0x0000000100000000-0x000000087f7fffff] usable
2025-03-18T13:04:08.670735+08:00 test-System-Product-Name kernel: NX (Execute Disable) protection: active
2025-03-18T13:04:08.670736+08:00 test-System-Product-Name kernel: APIC: Static calls initialized
2025-03-18T13:04:08.670746+08:00 test-System-Product-Name kernel: e820: update [mem 0x55cff018-0x55d0c857] usable ==> usable
2025-03-18T13:04:08.670762+08:00 test-System-Product-Name kernel: e820: update [mem 0x55cff018-0x55d0c857] usable ==> usable
2025-03-18T13:04:08.670775+08:00 test-System-Product-Name kernel: extended physical RAM map:
2025-03-18T13:04:08.670777+08:00 test-System-Product-Name kernel: reserve setup_data: [mem 0x0000000000000000-0x000000000009dfff] usable
2025-03-18T13:04:08.670778+08:00 test-System-Product-Name kernel: reserve setup_data: [mem 0x000000000009e000-0x000000000009efff] reserved
2025-03-18T13:04:08.670779+08:00 test-System-Product-Name kernel: reserve setup_data: [mem 0x000000000009f000-0x000000000009ffff] usable
2025-03-18T13:04:08.670780+08:00 test-System-Product-Name kernel: reserve setup_data: [mem 0x00000000000a0000-0x00000000000fffff] reserved
2025-03-18T13:04:08.670786+08:00 test-System-Product-Name kernel: reserve setup_data: [mem 0x0000000000100000-0x0000000055cff017] usable
2025-03-18T13:04:08.670789+08:00 test-System-Product-Name kernel: reserve setup_data: [mem 0x0000000055cff018-0x0000000055d0c857] usable
2025-03-18T13:04:08.670790+08:00 test-System-Product-Name kernel: reserve setup_data: [mem 0x0000000055d0c858-0x0000000062652fff] usable
2025-03-18T13:04:08.670803+08:00 test-System-Product-Name kernel: reserve setup_data: [mem 0x0000000062653000-0x0000000062653fff] reserved
2025-03-18T13:04:08.670804+08:00 test-System-Product-Name kernel: reserve setup_data: [mem 0x0000000062654000-0x0000000063e9bfff] usable
2025-03-18T13:04:08.670805+08:00 test-System-Product-Name kernel: reserve setup_data: [mem 0x0000000063e9c000-0x0000000063e9cfff] reserved
2025-03-18T13:04:08.670810+08:00 test-System-Product-Name kernel: reserve setup_data: [mem 0x0000000063e9d000-0x000000007059bfff] usable
2025-03-18T13:04:08.670812+08:00 test-System-Product-Name kernel: reserve setup_data: [mem 0x000000007059c000-0x000000007429bfff] reserved
2025-03-18T13:04:08.670813+08:00 test-System-Product-Name kernel: reserve setup_data: [mem 0x000000007429c000-0x00000000744ebfff] ACPI data
2025-03-18T13:04:08.670815+08:00 test-System-Product-Name kernel: reserve setup_data: [mem 0x00000000744ec000-0x000000007471efff] ACPI NVS
2025-03-18T13:04:08.670817+08:00 test-System-Product-Name kernel: reserve setup_data: [mem 0x000000007471f000-0x0000000075ffefff] reserved
2025-03-18T13:04:08.670818+08:00 test-System-Product-Name kernel: reserve setup_data: [mem 0x0000000075fff000-0x0000000075ffffff] usable
2025-03-18T13:04:08.670819+08:00 test-System-Product-Name kernel: reserve setup_data: [mem 0x0000000076000000-0x0000000079ffffff] reserved
2025-03-18T13:04:08.670823+08:00 test-System-Product-Name kernel: reserve setup_data: [mem 0x000000007a400000-0x000000007a7fffff] reserved
2025-03-18T13:04:08.670827+08:00 test-System-Product-Name kernel: reserve setup_data: [mem 0x000000007b000000-0x00000000807fffff] reserved
2025-03-18T13:04:08.670829+08:00 test-System-Product-Name kernel: reserve setup_data: [mem 0x00000000c0000000-0x00000000cfffffff] reserved
2025-03-18T13:04:08.670830+08:00 test-System-Product-Name kernel: reserve setup_data: [mem 0x00000000fe000000-0x00000000fe010fff] reserved
2025-03-18T13:04:08.670831+08:00 test-System-Product-Name kernel: reserve setup_data: [mem 0x00000000fec00000-0x00000000fec00fff] reserved
2025-03-18T13:04:08.670844+08:00 test-System-Product-Name kernel: reserve setup_data: [mem 0x00000000fed00000-0x00000000fed00fff] reserved
2025-03-18T13:04:08.670850+08:00 test-System-Product-Name kernel: reserve setup_data: [mem 0x00000000fed20000-0x00000000fed7ffff] reserved
2025-03-18T13:04:08.670853+08:00 test-System-Product-Name kernel: reserve setup_data: [mem 0x00000000fee00000-0x00000000fee00fff] reserved
2025-03-18T13:04:08.670854+08:00 test-System-Product-Name kernel: reserve setup_data: [mem 0x00000000ff000000-0x00000000ffffffff] reserved
2025-03-18T13:04:08.670855+08:00 test-System-Product-Name kernel: reserve setup_data: [mem 0x0000000100000000-0x000000087f7fffff] usable
2025-03-18T13:04:08.670856+08:00 test-System-Product-Name kernel: efi: EFI v2.8 by American Megatrends
2025-03-18T13:04:08.670871+08:00 test-System-Product-Name kernel: efi: ACPI=0x744eb000 ACPI 2.0=0x744eb014 TPMFinalLog=0x7460c000 SMBIOS=0x75a01000 SMBIOS 3.0=0x75a00000 MEMATTR=0x6d6d0018 ESRT=0x6d726998 MOKvar=0x75a1b000 INITRD=0x585f4998 RNG=0x74447c18 TPMEventLog=0x55d0d018 
2025-03-18T13:04:08.670877+08:00 test-System-Product-Name kernel: random: crng init done
2025-03-18T13:04:08.670880+08:00 test-System-Product-Name kernel: efi: Remove mem92: MMIO range=[0xc0000000-0xcfffffff] (256MB) from e820 map
2025-03-18T13:04:08.670892+08:00 test-System-Product-Name kernel: e820: remove [mem 0xc0000000-0xcfffffff] reserved
2025-03-18T13:04:08.670895+08:00 test-System-Product-Name kernel: efi: Not removing mem93: MMIO range=[0xfe000000-0xfe010fff] (68KB) from e820 map
2025-03-18T13:04:08.670897+08:00 test-System-Product-Name kernel: efi: Not removing mem94: MMIO range=[0xfec00000-0xfec00fff] (4KB) from e820 map
2025-03-18T13:04:08.670898+08:00 test-System-Product-Name kernel: efi: Not removing mem95: MMIO range=[0xfed00000-0xfed00fff] (4KB) from e820 map
2025-03-18T13:04:08.670899+08:00 test-System-Product-Name kernel: efi: Not removing mem97: MMIO range=[0xfee00000-0xfee00fff] (4KB) from e820 map
2025-03-18T13:04:08.670903+08:00 test-System-Product-Name kernel: efi: Remove mem98: MMIO range=[0xff000000-0xffffffff] (16MB) from e820 map
2025-03-18T13:04:08.670906+08:00 test-System-Product-Name kernel: e820: remove [mem 0xff000000-0xffffffff] reserved
2025-03-18T13:04:08.670907+08:00 test-System-Product-Name kernel: secureboot: Secure boot disabled
2025-03-18T13:04:08.670908+08:00 test-System-Product-Name kernel: SMBIOS 3.5.0 present.
2025-03-18T13:04:08.670919+08:00 test-System-Product-Name kernel: DMI: ASUS System Product Name/PRIME Z790-P D4, BIOS 1658 05/22/2024
2025-03-18T13:04:08.670920+08:00 test-System-Product-Name kernel: tsc: Detected 3400.000 MHz processor
2025-03-18T13:04:08.670925+08:00 test-System-Product-Name kernel: tsc: Detected 3417.600 MHz TSC
2025-03-18T13:04:08.670928+08:00 test-System-Product-Name kernel: e820: update [mem 0x00000000-0x00000fff] usable ==> reserved
2025-03-18T13:04:08.670929+08:00 test-System-Product-Name kernel: e820: remove [mem 0x000a0000-0x000fffff] usable
2025-03-18T13:04:08.670930+08:00 test-System-Product-Name kernel: last_pfn = 0x87f800 max_arch_pfn = 0x400000000
2025-03-18T13:04:08.670931+08:00 test-System-Product-Name kernel: total RAM covered: 63424M
2025-03-18T13:04:08.670932+08:00 test-System-Product-Name kernel: Found optimal setting for mtrr clean up
2025-03-18T13:04:08.670943+08:00 test-System-Product-Name kernel:  gran_size: 64K 	chunk_size: 128M 	num_reg: 6  	lose cover RAM: 0G
2025-03-18T13:04:08.670950+08:00 test-System-Product-Name kernel: MTRR map: 6 entries (3 fixed + 3 variable; max 23), built from 10 variable MTRRs
2025-03-18T13:04:08.670957+08:00 test-System-Product-Name kernel: x86/PAT: Configuration [0-7]: WB  WC  UC- UC  WB  WP  UC- WT  
2025-03-18T13:04:08.670958+08:00 test-System-Product-Name kernel: e820: update [mem 0x7c000000-0xffffffff] usable ==> reserved
2025-03-18T13:04:08.670959+08:00 test-System-Product-Name kernel: last_pfn = 0x76000 max_arch_pfn = 0x400000000
2025-03-18T13:04:08.670960+08:00 test-System-Product-Name kernel: esrt: Reserving ESRT space from 0x000000006d726998 to 0x000000006d726a70.
2025-03-18T13:04:08.670966+08:00 test-System-Product-Name kernel: e820: update [mem 0x6d726000-0x6d726fff] usable ==> reserved
2025-03-18T13:04:08.670971+08:00 test-System-Product-Name kernel: Using GB pages for direct mapping
2025-03-18T13:04:08.670975+08:00 test-System-Product-Name kernel: secureboot: Secure boot disabled
2025-03-18T13:04:08.670976+08:00 test-System-Product-Name kernel: RAMDISK: [mem 0x0c29e000-0x2b6c3fff]
2025-03-18T13:04:08.670977+08:00 test-System-Product-Name kernel: ACPI: Early table checksum verification disabled
2025-03-18T13:04:08.671047+08:00 test-System-Product-Name kernel: ACPI: RSDP 0x00000000744EB014 000024 (v02 ALASKA)
2025-03-18T13:04:08.671050+08:00 test-System-Product-Name kernel: ACPI: XSDT 0x00000000744EA728 0000FC (v01 ALASKA A M I    01072009 AMI  01000013)
2025-03-18T13:04:08.671054+08:00 test-System-Product-Name kernel: ACPI: FACP 0x00000000744E9000 000114 (v06 ALASKA A M I    01072009 AMI  01000013)
2025-03-18T13:04:08.671057+08:00 test-System-Product-Name kernel: ACPI: DSDT 0x000000007445D000 08B9DE (v02 ALASKA A M I    01072009 INTL 20200717)
2025-03-18T13:04:08.671058+08:00 test-System-Product-Name kernel: ACPI: FACS 0x000000007471E000 000040
2025-03-18T13:04:08.671062+08:00 test-System-Product-Name kernel: ACPI: FIDT 0x000000007445C000 00009C (v01 ALASKA A M I    01072009 AMI  00010013)
2025-03-18T13:04:08.671063+08:00 test-System-Product-Name kernel: ACPI: SSDT 0x000000007445A000 00038C (v02 PmaxDv Pmax_Dev 00000001 INTL 20200717)
2025-03-18T13:04:08.671064+08:00 test-System-Product-Name kernel: ACPI: SSDT 0x0000000074454000 005D34 (v02 CpuRef CpuSsdt  00003000 INTL 20200717)
2025-03-18T13:04:08.671065+08:00 test-System-Product-Name kernel: ACPI: SSDT 0x0000000074451000 002C11 (v02 SaSsdt SaSsdt   00003000 INTL 20200717)
2025-03-18T13:04:08.671079+08:00 test-System-Product-Name kernel: ACPI: SSDT 0x000000007444D000 00334F (v02 INTEL  IgfxSsdt 00003000 INTL 20200717)
2025-03-18T13:04:08.671083+08:00 test-System-Product-Name kernel: ACPI: HPET 0x000000007444C000 000038 (v01 ALASKA A M I    01072009 AMI  01000013)
2025-03-18T13:04:08.671084+08:00 test-System-Product-Name kernel: ACPI: APIC 0x000000007444B000 0001DC (v05 ALASKA A M I    01072009 AMI  01000013)
2025-03-18T13:04:08.671087+08:00 test-System-Product-Name kernel: ACPI: MCFG 0x000000007444A000 00003C (v01 ALASKA A M I    01072009 AMI  01000013)
2025-03-18T13:04:08.671089+08:00 test-System-Product-Name kernel: ACPI: SSDT 0x0000000074448000 001F1A (v02 ALASKA Ther_Rvp 00001000 INTL 20200717)
2025-03-18T13:04:08.671089+08:00 test-System-Product-Name kernel: ACPI: NHLT 0x0000000074446000 00002D (v00 ALASKA A M I    01072009 AMI  01000013)
2025-03-18T13:04:08.671096+08:00 test-System-Product-Name kernel: ACPI: LPIT 0x0000000074445000 0000CC (v01 ALASKA A M I    01072009 AMI  01000013)
2025-03-18T13:04:08.671099+08:00 test-System-Product-Name kernel: ACPI: SSDT 0x0000000074441000 002357 (v02 ALASKA TbtTypeC 00000000 INTL 20200717)
2025-03-18T13:04:08.671102+08:00 test-System-Product-Name kernel: ACPI: SSDT 0x000000007443E000 002A83 (v02 ALASKA PtidDevc 00001000 INTL 20200717)
2025-03-18T13:04:08.671104+08:00 test-System-Product-Name kernel: ACPI: DBGP 0x000000007443D000 000034 (v01 ALASKA A M I    01072009 AMI  01000013)
2025-03-18T13:04:08.671105+08:00 test-System-Product-Name kernel: ACPI: DBG2 0x000000007443C000 000054 (v00 ALASKA A M I    01072009 AMI  01000013)
2025-03-18T13:04:08.671106+08:00 test-System-Product-Name kernel: ACPI: SSDT 0x000000007443B000 000C1F (v02 ALASKA UsbCTabl 00001000 INTL 20200717)
2025-03-18T13:04:08.671111+08:00 test-System-Product-Name kernel: ACPI: DMAR 0x000000007443A000 000088 (v01 INTEL  EDK2     00000002      01000013)
2025-03-18T13:04:08.671117+08:00 test-System-Product-Name kernel: ACPI: FPDT 0x0000000074439000 000044 (v01 ALASKA A M I    01072009 AMI  01000013)
2025-03-18T13:04:08.671119+08:00 test-System-Product-Name kernel: ACPI: SSDT 0x0000000074437000 001D9C (v02 INTEL  xh_rps14 00000000 INTL 20200717)
2025-03-18T13:04:08.671120+08:00 test-System-Product-Name kernel: ACPI: SSDT 0x0000000074433000 0039DA (v02 SocGpe SocGpe   00003000 INTL 20200717)
2025-03-18T13:04:08.671121+08:00 test-System-Product-Name kernel: ACPI: SSDT 0x000000007442F000 0039DA (v02 SocCmn SocCmn   00003000 INTL 20200717)
2025-03-18T13:04:08.671126+08:00 test-System-Product-Name kernel: ACPI: BGRT 0x000000007442E000 000038 (v01 ALASKA A M I    01072009 AMI  00010013)
2025-03-18T13:04:08.671128+08:00 test-System-Product-Name kernel: ACPI: WPBT 0x0000000074352000 000040 (v01 ALASKA A M I    00000001 ASUS 00000001)
2025-03-18T13:04:08.671132+08:00 test-System-Product-Name kernel: ACPI: TPM2 0x0000000074351000 00004C (v04 ALASKA A M I    00000001 AMI  00000000)
2025-03-18T13:04:08.671134+08:00 test-System-Product-Name kernel: ACPI: PHAT 0x0000000074350000 00083C (v01 ALASKA A M I    00000005 MSFT 0100000D)
2025-03-18T13:04:08.671135+08:00 test-System-Product-Name kernel: ACPI: WSMT 0x0000000074444000 000028 (v01 ALASKA A M I    01072009 AMI  00010013)
2025-03-18T13:04:08.671136+08:00 test-System-Product-Name kernel: ACPI: Reserving FACP table memory at [mem 0x744e9000-0x744e9113]
2025-03-18T13:04:08.671137+08:00 test-System-Product-Name kernel: ACPI: Reserving DSDT table memory at [mem 0x7445d000-0x744e89dd]
2025-03-18T13:04:08.671139+08:00 test-System-Product-Name kernel: ACPI: Reserving FACS table memory at [mem 0x7471e000-0x7471e03f]
2025-03-18T13:04:08.671144+08:00 test-System-Product-Name kernel: ACPI: Reserving FIDT table memory at [mem 0x7445c000-0x7445c09b]
2025-03-18T13:04:08.671146+08:00 test-System-Product-Name kernel: ACPI: Reserving SSDT table memory at [mem 0x7445a000-0x7445a38b]
2025-03-18T13:04:08.671147+08:00 test-System-Product-Name kernel: ACPI: Reserving SSDT table memory at [mem 0x74454000-0x74459d33]
2025-03-18T13:04:08.671153+08:00 test-System-Product-Name kernel: ACPI: Reserving SSDT table memory at [mem 0x74451000-0x74453c10]
2025-03-18T13:04:08.671154+08:00 test-System-Product-Name kernel: ACPI: Reserving SSDT table memory at [mem 0x7444d000-0x7445034e]
2025-03-18T13:04:08.671155+08:00 test-System-Product-Name kernel: ACPI: Reserving HPET table memory at [mem 0x7444c000-0x7444c037]
2025-03-18T13:04:08.671157+08:00 test-System-Product-Name kernel: ACPI: Reserving APIC table memory at [mem 0x7444b000-0x7444b1db]
2025-03-18T13:04:08.671161+08:00 test-System-Product-Name kernel: ACPI: Reserving MCFG table memory at [mem 0x7444a000-0x7444a03b]
2025-03-18T13:04:08.671164+08:00 test-System-Product-Name kernel: ACPI: Reserving SSDT table memory at [mem 0x74448000-0x74449f19]
2025-03-18T13:04:08.671165+08:00 test-System-Product-Name kernel: ACPI: Reserving NHLT table memory at [mem 0x74446000-0x7444602c]
2025-03-18T13:04:08.671167+08:00 test-System-Product-Name kernel: ACPI: Reserving LPIT table memory at [mem 0x74445000-0x744450cb]
2025-03-18T13:04:08.671168+08:00 test-System-Product-Name kernel: ACPI: Reserving SSDT table memory at [mem 0x74441000-0x74443356]
2025-03-18T13:04:08.671169+08:00 test-System-Product-Name kernel: ACPI: Reserving SSDT table memory at [mem 0x7443e000-0x74440a82]
2025-03-18T13:04:08.671173+08:00 test-System-Product-Name kernel: ACPI: Reserving DBGP table memory at [mem 0x7443d000-0x7443d033]
2025-03-18T13:04:08.671175+08:00 test-System-Product-Name kernel: ACPI: Reserving DBG2 table memory at [mem 0x7443c000-0x7443c053]
2025-03-18T13:04:08.671176+08:00 test-System-Product-Name kernel: ACPI: Reserving SSDT table memory at [mem 0x7443b000-0x7443bc1e]
2025-03-18T13:04:08.671177+08:00 test-System-Product-Name kernel: ACPI: Reserving DMAR table memory at [mem 0x7443a000-0x7443a087]
2025-03-18T13:04:08.671178+08:00 test-System-Product-Name kernel: ACPI: Reserving FPDT table memory at [mem 0x74439000-0x74439043]
2025-03-18T13:04:08.671179+08:00 test-System-Product-Name kernel: ACPI: Reserving SSDT table memory at [mem 0x74437000-0x74438d9b]
2025-03-18T13:04:08.671183+08:00 test-System-Product-Name kernel: ACPI: Reserving SSDT table memory at [mem 0x74433000-0x744369d9]
2025-03-18T13:04:08.671188+08:00 test-System-Product-Name kernel: ACPI: Reserving SSDT table memory at [mem 0x7442f000-0x744329d9]
2025-03-18T13:04:08.671191+08:00 test-System-Product-Name kernel: ACPI: Reserving BGRT table memory at [mem 0x7442e000-0x7442e037]
2025-03-18T13:04:08.671192+08:00 test-System-Product-Name kernel: ACPI: Reserving WPBT table memory at [mem 0x74352000-0x7435203f]
2025-03-18T13:04:08.671194+08:00 test-System-Product-Name kernel: ACPI: Reserving TPM2 table memory at [mem 0x74351000-0x7435104b]
2025-03-18T13:04:08.671195+08:00 test-System-Product-Name kernel: ACPI: Reserving PHAT table memory at [mem 0x74350000-0x7435083b]
2025-03-18T13:04:08.671196+08:00 test-System-Product-Name kernel: ACPI: Reserving WSMT table memory at [mem 0x74444000-0x74444027]
2025-03-18T13:04:08.671200+08:00 test-System-Product-Name kernel: No NUMA configuration found
2025-03-18T13:04:08.671203+08:00 test-System-Product-Name kernel: Faking a node at [mem 0x0000000000000000-0x000000087f7fffff]
2025-03-18T13:04:08.671204+08:00 test-System-Product-Name kernel: NODE_DATA(0) allocated [mem 0x87f7d5000-0x87f7fffff]
2025-03-18T13:04:08.671205+08:00 test-System-Product-Name kernel: Zone ranges:
2025-03-18T13:04:08.671210+08:00 test-System-Product-Name kernel:   DMA      [mem 0x0000000000001000-0x0000000000ffffff]
2025-03-18T13:04:08.671211+08:00 test-System-Product-Name kernel:   DMA32    [mem 0x0000000001000000-0x00000000ffffffff]
2025-03-18T13:04:08.671215+08:00 test-System-Product-Name kernel:   Normal   [mem 0x0000000100000000-0x000000087f7fffff]
2025-03-18T13:04:08.671217+08:00 test-System-Product-Name kernel:   Device   empty
2025-03-18T13:04:08.671218+08:00 test-System-Product-Name kernel: Movable zone start for each node
2025-03-18T13:04:08.671229+08:00 test-System-Product-Name kernel: Early memory node ranges
2025-03-18T13:04:08.671240+08:00 test-System-Product-Name kernel:   node   0: [mem 0x0000000000001000-0x000000000009dfff]
2025-03-18T13:04:08.671242+08:00 test-System-Product-Name kernel:   node   0: [mem 0x000000000009f000-0x000000000009ffff]
2025-03-18T13:04:08.671243+08:00 test-System-Product-Name kernel:   node   0: [mem 0x0000000000100000-0x0000000062652fff]
2025-03-18T13:04:08.671247+08:00 test-System-Product-Name kernel:   node   0: [mem 0x0000000062654000-0x0000000063e9bfff]
2025-03-18T13:04:08.671250+08:00 test-System-Product-Name kernel:   node   0: [mem 0x0000000063e9d000-0x000000007059bfff]
2025-03-18T13:04:08.671251+08:00 test-System-Product-Name kernel:   node   0: [mem 0x0000000075fff000-0x0000000075ffffff]
2025-03-18T13:04:08.671252+08:00 test-System-Product-Name kernel:   node   0: [mem 0x0000000100000000-0x000000087f7fffff]
2025-03-18T13:04:08.671254+08:00 test-System-Product-Name kernel: Initmem setup node 0 [mem 0x0000000000001000-0x000000087f7fffff]
2025-03-18T13:04:08.671255+08:00 test-System-Product-Name kernel: On node 0, zone DMA: 1 pages in unavailable ranges
2025-03-18T13:04:08.671268+08:00 test-System-Product-Name kernel: On node 0, zone DMA: 1 pages in unavailable ranges
2025-03-18T13:04:08.671271+08:00 test-System-Product-Name kernel: On node 0, zone DMA: 96 pages in unavailable ranges
2025-03-18T13:04:08.671273+08:00 test-System-Product-Name kernel: On node 0, zone DMA32: 1 pages in unavailable ranges
2025-03-18T13:04:08.671274+08:00 test-System-Product-Name kernel: On node 0, zone DMA32: 1 pages in unavailable ranges
2025-03-18T13:04:08.671275+08:00 test-System-Product-Name kernel: On node 0, zone DMA32: 23139 pages in unavailable ranges
2025-03-18T13:04:08.671287+08:00 test-System-Product-Name kernel: On node 0, zone Normal: 8192 pages in unavailable ranges
2025-03-18T13:04:08.671293+08:00 test-System-Product-Name kernel: On node 0, zone Normal: 2048 pages in unavailable ranges
2025-03-18T13:04:08.671297+08:00 test-System-Product-Name kernel: Reserving Intel graphics memory at [mem 0x7c800000-0x807fffff]
2025-03-18T13:04:08.671299+08:00 test-System-Product-Name kernel: ACPI: PM-Timer IO Port: 0x1808
2025-03-18T13:04:08.671300+08:00 test-System-Product-Name kernel: ACPI: LAPIC_NMI (acpi_id[0x01] high edge lint[0x1])
2025-03-18T13:04:08.671302+08:00 test-System-Product-Name kernel: ACPI: LAPIC_NMI (acpi_id[0x02] high edge lint[0x1])
2025-03-18T13:04:08.671303+08:00 test-System-Product-Name kernel: ACPI: LAPIC_NMI (acpi_id[0x03] high edge lint[0x1])
2025-03-18T13:04:08.671305+08:00 test-System-Product-Name kernel: ACPI: LAPIC_NMI (acpi_id[0x04] high edge lint[0x1])
2025-03-18T13:04:08.671309+08:00 test-System-Product-Name kernel: ACPI: LAPIC_NMI (acpi_id[0x05] high edge lint[0x1])
2025-03-18T13:04:08.671312+08:00 test-System-Product-Name kernel: ACPI: LAPIC_NMI (acpi_id[0x06] high edge lint[0x1])
2025-03-18T13:04:08.671313+08:00 test-System-Product-Name kernel: ACPI: LAPIC_NMI (acpi_id[0x07] high edge lint[0x1])
2025-03-18T13:04:08.671314+08:00 test-System-Product-Name kernel: ACPI: LAPIC_NMI (acpi_id[0x08] high edge lint[0x1])
2025-03-18T13:04:08.671315+08:00 test-System-Product-Name kernel: ACPI: LAPIC_NMI (acpi_id[0x09] high edge lint[0x1])
2025-03-18T13:04:08.671316+08:00 test-System-Product-Name kernel: ACPI: LAPIC_NMI (acpi_id[0x0a] high edge lint[0x1])
2025-03-18T13:04:08.671321+08:00 test-System-Product-Name kernel: ACPI: LAPIC_NMI (acpi_id[0x0b] high edge lint[0x1])
2025-03-18T13:04:08.671391+08:00 test-System-Product-Name kernel: ACPI: LAPIC_NMI (acpi_id[0x0c] high edge lint[0x1])
2025-03-18T13:04:08.671394+08:00 test-System-Product-Name kernel: ACPI: LAPIC_NMI (acpi_id[0x0d] high edge lint[0x1])
2025-03-18T13:04:08.671396+08:00 test-System-Product-Name kernel: ACPI: LAPIC_NMI (acpi_id[0x0e] high edge lint[0x1])
2025-03-18T13:04:08.671397+08:00 test-System-Product-Name kernel: ACPI: LAPIC_NMI (acpi_id[0x0f] high edge lint[0x1])
2025-03-18T13:04:08.671397+08:00 test-System-Product-Name kernel: ACPI: LAPIC_NMI (acpi_id[0x10] high edge lint[0x1])
2025-03-18T13:04:08.671408+08:00 test-System-Product-Name kernel: ACPI: LAPIC_NMI (acpi_id[0x11] high edge lint[0x1])
2025-03-18T13:04:08.671413+08:00 test-System-Product-Name kernel: ACPI: LAPIC_NMI (acpi_id[0x12] high edge lint[0x1])
2025-03-18T13:04:08.671414+08:00 test-System-Product-Name kernel: ACPI: LAPIC_NMI (acpi_id[0x13] high edge lint[0x1])
2025-03-18T13:04:08.671415+08:00 test-System-Product-Name kernel: ACPI: LAPIC_NMI (acpi_id[0x14] high edge lint[0x1])
2025-03-18T13:04:08.671416+08:00 test-System-Product-Name kernel: ACPI: LAPIC_NMI (acpi_id[0x15] high edge lint[0x1])
2025-03-18T13:04:08.671418+08:00 test-System-Product-Name kernel: ACPI: LAPIC_NMI (acpi_id[0x16] high edge lint[0x1])
2025-03-18T13:04:08.671419+08:00 test-System-Product-Name kernel: ACPI: LAPIC_NMI (acpi_id[0x17] high edge lint[0x1])
2025-03-18T13:04:08.671430+08:00 test-System-Product-Name kernel: ACPI: LAPIC_NMI (acpi_id[0x00] high edge lint[0x1])
2025-03-18T13:04:08.671433+08:00 test-System-Product-Name kernel: IOAPIC[0]: apic_id 2, version 32, address 0xfec00000, GSI 0-119
2025-03-18T13:04:08.671436+08:00 test-System-Product-Name kernel: ACPI: INT_SRC_OVR (bus 0 bus_irq 0 global_irq 2 dfl dfl)
2025-03-18T13:04:08.671437+08:00 test-System-Product-Name kernel: ACPI: INT_SRC_OVR (bus 0 bus_irq 9 global_irq 9 high level)
2025-03-18T13:04:08.671439+08:00 test-System-Product-Name kernel: ACPI: Using ACPI (MADT) for SMP configuration information
2025-03-18T13:04:08.671440+08:00 test-System-Product-Name kernel: ACPI: HPET id: 0x8086a201 base: 0xfed00000
2025-03-18T13:04:08.671447+08:00 test-System-Product-Name kernel: e820: update [mem 0x6ac24000-0x6ad17fff] usable ==> reserved
2025-03-18T13:04:08.671450+08:00 test-System-Product-Name kernel: TSC deadline timer available
2025-03-18T13:04:08.671451+08:00 test-System-Product-Name kernel: smpboot: Allowing 28 CPUs, 0 hotplug CPUs
2025-03-18T13:04:08.671452+08:00 test-System-Product-Name kernel: PM: hibernation: Registered nosave memory: [mem 0x00000000-0x00000fff]
2025-03-18T13:04:08.671452+08:00 test-System-Product-Name kernel: PM: hibernation: Registered nosave memory: [mem 0x0009e000-0x0009efff]
2025-03-18T13:04:08.671456+08:00 test-System-Product-Name kernel: PM: hibernation: Registered nosave memory: [mem 0x000a0000-0x000fffff]
2025-03-18T13:04:08.671460+08:00 test-System-Product-Name kernel: PM: hibernation: Registered nosave memory: [mem 0x55cff000-0x55cfffff]
2025-03-18T13:04:08.671465+08:00 test-System-Product-Name kernel: PM: hibernation: Registered nosave memory: [mem 0x55d0c000-0x55d0cfff]
2025-03-18T13:04:08.671471+08:00 test-System-Product-Name kernel: PM: hibernation: Registered nosave memory: [mem 0x62653000-0x62653fff]
2025-03-18T13:04:08.671472+08:00 test-System-Product-Name kernel: PM: hibernation: Registered nosave memory: [mem 0x63e9c000-0x63e9cfff]
2025-03-18T13:04:08.671473+08:00 test-System-Product-Name kernel: PM: hibernation: Registered nosave memory: [mem 0x6ac24000-0x6ad17fff]
2025-03-18T13:04:08.671484+08:00 test-System-Product-Name kernel: PM: hibernation: Registered nosave memory: [mem 0x6d726000-0x6d726fff]
2025-03-18T13:04:08.671486+08:00 test-System-Product-Name kernel: PM: hibernation: Registered nosave memory: [mem 0x7059c000-0x7429bfff]
2025-03-18T13:04:08.671493+08:00 test-System-Product-Name kernel: PM: hibernation: Registered nosave memory: [mem 0x7429c000-0x744ebfff]
2025-03-18T13:04:08.671496+08:00 test-System-Product-Name kernel: PM: hibernation: Registered nosave memory: [mem 0x744ec000-0x7471efff]
2025-03-18T13:04:08.671502+08:00 test-System-Product-Name kernel: PM: hibernation: Registered nosave memory: [mem 0x7471f000-0x75ffefff]
2025-03-18T13:04:08.671503+08:00 test-System-Product-Name kernel: PM: hibernation: Registered nosave memory: [mem 0x76000000-0x79ffffff]
2025-03-18T13:04:08.671504+08:00 test-System-Product-Name kernel: PM: hibernation: Registered nosave memory: [mem 0x7a000000-0x7a3fffff]
2025-03-18T13:04:08.671506+08:00 test-System-Product-Name kernel: PM: hibernation: Registered nosave memory: [mem 0x7a400000-0x7a7fffff]
2025-03-18T13:04:08.671513+08:00 test-System-Product-Name kernel: PM: hibernation: Registered nosave memory: [mem 0x7a800000-0x7affffff]
2025-03-18T13:04:08.671537+08:00 test-System-Product-Name kernel: PM: hibernation: Registered nosave memory: [mem 0x7b000000-0x807fffff]
2025-03-18T13:04:08.671541+08:00 test-System-Product-Name kernel: PM: hibernation: Registered nosave memory: [mem 0x80800000-0xfdffffff]
2025-03-18T13:04:08.671543+08:00 test-System-Product-Name kernel: PM: hibernation: Registered nosave memory: [mem 0xfe000000-0xfe010fff]
2025-03-18T13:04:08.671544+08:00 test-System-Product-Name kernel: PM: hibernation: Registered nosave memory: [mem 0xfe011000-0xfebfffff]
2025-03-18T13:04:08.671546+08:00 test-System-Product-Name kernel: PM: hibernation: Registered nosave memory: [mem 0xfec00000-0xfec00fff]
2025-03-18T13:04:08.671547+08:00 test-System-Product-Name kernel: PM: hibernation: Registered nosave memory: [mem 0xfec01000-0xfecfffff]
2025-03-18T13:04:08.671564+08:00 test-System-Product-Name kernel: PM: hibernation: Registered nosave memory: [mem 0xfed00000-0xfed00fff]
2025-03-18T13:04:08.671567+08:00 test-System-Product-Name kernel: PM: hibernation: Registered nosave memory: [mem 0xfed01000-0xfed1ffff]
2025-03-18T13:04:08.671568+08:00 test-System-Product-Name kernel: PM: hibernation: Registered nosave memory: [mem 0xfed20000-0xfed7ffff]
2025-03-18T13:04:08.671569+08:00 test-System-Product-Name kernel: PM: hibernation: Registered nosave memory: [mem 0xfed80000-0xfedfffff]
2025-03-18T13:04:08.671570+08:00 test-System-Product-Name kernel: PM: hibernation: Registered nosave memory: [mem 0xfee00000-0xfee00fff]
2025-03-18T13:04:08.671574+08:00 test-System-Product-Name kernel: PM: hibernation: Registered nosave memory: [mem 0xfee01000-0xffffffff]
2025-03-18T13:04:08.671582+08:00 test-System-Product-Name kernel: [mem 0x80800000-0xfdffffff] available for PCI devices
2025-03-18T13:04:08.671584+08:00 test-System-Product-Name kernel: Booting paravirtualized kernel on bare hardware
2025-03-18T13:04:08.671586+08:00 test-System-Product-Name kernel: clocksource: refined-jiffies: mask: 0xffffffff max_cycles: 0xffffffff, max_idle_ns: 1910969940391419 ns
2025-03-18T13:04:08.671587+08:00 test-System-Product-Name kernel: setup_percpu: NR_CPUS:8192 nr_cpumask_bits:28 nr_cpu_ids:28 nr_node_ids:1
2025-03-18T13:04:08.671588+08:00 test-System-Product-Name kernel: percpu: Embedded 86 pages/cpu s229376 r8192 d114688 u524288
2025-03-18T13:04:08.671589+08:00 test-System-Product-Name kernel: pcpu-alloc: s229376 r8192 d114688 u524288 alloc=1*2097152
2025-03-18T13:04:08.671596+08:00 test-System-Product-Name kernel: pcpu-alloc: [0] 00 01 02 03 [0] 04 05 06 07 
2025-03-18T13:04:08.671599+08:00 test-System-Product-Name kernel: pcpu-alloc: [0] 08 09 10 11 [0] 12 13 14 15 
2025-03-18T13:04:08.671600+08:00 test-System-Product-Name kernel: pcpu-alloc: [0] 16 17 18 19 [0] 20 21 22 23 
2025-03-18T13:04:08.671601+08:00 test-System-Product-Name kernel: pcpu-alloc: [0] 24 25 26 27 
2025-03-18T13:04:08.671603+08:00 test-System-Product-Name kernel: Kernel command line: BOOT_IMAGE=/boot/vmlinuz-98.98.98-rc7-wcnm root=UUID=709fc7f6-2511-4993-91e8-7fbd42922eaa ro quiet splash vt.handoff=7
2025-03-18T13:04:08.671604+08:00 test-System-Product-Name kernel: Unknown kernel command line parameters "splash BOOT_IMAGE=/boot/vmlinuz-98.98.98-rc7-wcnm", will be passed to user space.
2025-03-18T13:04:08.671623+08:00 test-System-Product-Name kernel: Dentry cache hash table entries: 4194304 (order: 13, 33554432 bytes, linear)
2025-03-18T13:04:08.671626+08:00 test-System-Product-Name kernel: Inode-cache hash table entries: 2097152 (order: 12, 16777216 bytes, linear)
2025-03-18T13:04:08.671628+08:00 test-System-Product-Name kernel: Fallback order for Node 0: 0 
2025-03-18T13:04:08.671629+08:00 test-System-Product-Name kernel: Built 1 zonelists, mobility grouping on.  Total pages: 8192164
2025-03-18T13:04:08.671631+08:00 test-System-Product-Name kernel: Policy zone: Normal
2025-03-18T13:04:08.671631+08:00 test-System-Product-Name kernel: mem auto-init: stack:all(zero), heap alloc:on, heap free:off
2025-03-18T13:04:08.671632+08:00 test-System-Product-Name kernel: software IO TLB: area num 32.
2025-03-18T13:04:08.671644+08:00 test-System-Product-Name kernel: Memory: 31871644K/33289444K available (22528K kernel code, 4442K rwdata, 13464K rodata, 4916K init, 4792K bss, 1417540K reserved, 0K cma-reserved)
2025-03-18T13:04:08.671647+08:00 test-System-Product-Name kernel: SLUB: HWalign=64, Order=0-3, MinObjects=0, CPUs=28, Nodes=1
2025-03-18T13:04:08.671648+08:00 test-System-Product-Name kernel: ftrace: allocating 54988 entries in 215 pages
2025-03-18T13:04:08.671649+08:00 test-System-Product-Name kernel: ftrace: allocated 215 pages with 6 groups
2025-03-18T13:04:08.671650+08:00 test-System-Product-Name kernel: Dynamic Preempt: voluntary
2025-03-18T13:04:08.671663+08:00 test-System-Product-Name kernel: rcu: Preemptible hierarchical RCU implementation.
2025-03-18T13:04:08.671673+08:00 test-System-Product-Name kernel: rcu: 	RCU restricting CPUs from NR_CPUS=8192 to nr_cpu_ids=28.
2025-03-18T13:04:08.671676+08:00 test-System-Product-Name kernel: 	Trampoline variant of Tasks RCU enabled.
2025-03-18T13:04:08.671677+08:00 test-System-Product-Name kernel: 	Rude variant of Tasks RCU enabled.
2025-03-18T13:04:08.671678+08:00 test-System-Product-Name kernel: 	Tracing variant of Tasks RCU enabled.
2025-03-18T13:04:08.671680+08:00 test-System-Product-Name kernel: rcu: RCU calculated value of scheduler-enlistment delay is 100 jiffies.
2025-03-18T13:04:08.671681+08:00 test-System-Product-Name kernel: rcu: Adjusting geometry for rcu_fanout_leaf=16, nr_cpu_ids=28
2025-03-18T13:04:08.671690+08:00 test-System-Product-Name kernel: NR_IRQS: 524544, nr_irqs: 2280, preallocated irqs: 16
2025-03-18T13:04:08.671693+08:00 test-System-Product-Name kernel: rcu: srcu_init: Setting srcu_struct sizes based on contention.
2025-03-18T13:04:08.671694+08:00 test-System-Product-Name kernel: Console: colour dummy device 80x25
2025-03-18T13:04:08.671695+08:00 test-System-Product-Name kernel: printk: legacy console [tty0] enabled
2025-03-18T13:04:08.671708+08:00 test-System-Product-Name kernel: ACPI: Core revision 20230628
2025-03-18T13:04:08.671710+08:00 test-System-Product-Name kernel: hpet: HPET dysfunctional in PC10. Force disabled.
2025-03-18T13:04:08.671712+08:00 test-System-Product-Name kernel: APIC: Switch to symmetric I/O mode setup
2025-03-18T13:04:08.671719+08:00 test-System-Product-Name kernel: DMAR: Host address width 39
2025-03-18T13:04:08.671723+08:00 test-System-Product-Name kernel: DMAR: DRHD base: 0x000000fed90000 flags: 0x0
2025-03-18T13:04:08.671726+08:00 test-System-Product-Name kernel: DMAR: dmar0: reg_base_addr fed90000 ver 4:0 cap 1c0000c40660462 ecap 29a00f0505e
2025-03-18T13:04:08.671727+08:00 test-System-Product-Name kernel: DMAR: DRHD base: 0x000000fed91000 flags: 0x1
2025-03-18T13:04:08.671728+08:00 test-System-Product-Name kernel: DMAR: dmar1: reg_base_addr fed91000 ver 5:0 cap d2008c40660462 ecap f050da
2025-03-18T13:04:08.671731+08:00 test-System-Product-Name kernel: DMAR: RMRR base: 0x0000007c000000 end: 0x000000807fffff
2025-03-18T13:04:08.671738+08:00 test-System-Product-Name kernel: DMAR-IR: IOAPIC id 2 under DRHD base  0xfed91000 IOMMU 1
2025-03-18T13:04:08.671740+08:00 test-System-Product-Name kernel: DMAR-IR: HPET id 0 under DRHD base 0xfed91000
2025-03-18T13:04:08.671741+08:00 test-System-Product-Name kernel: DMAR-IR: Queued invalidation will be enabled to support x2apic and Intr-remapping.
2025-03-18T13:04:08.671744+08:00 test-System-Product-Name kernel: DMAR-IR: Enabled IRQ remapping in x2apic mode
2025-03-18T13:04:08.671746+08:00 test-System-Product-Name kernel: x2apic enabled
2025-03-18T13:04:08.671755+08:00 test-System-Product-Name kernel: APIC: Switched APIC routing to: cluster x2apic
2025-03-18T13:04:08.671764+08:00 test-System-Product-Name kernel: clocksource: tsc-early: mask: 0xffffffffffffffff max_cycles: 0x3143404a908, max_idle_ns: 440795209397 ns
2025-03-18T13:04:08.671767+08:00 test-System-Product-Name kernel: Calibrating delay loop (skipped), value calculated using timer frequency.. 6835.20 BogoMIPS (lpj=3417600)
2025-03-18T13:04:08.671769+08:00 test-System-Product-Name kernel: CPU0: Thermal monitoring enabled (TM1)
2025-03-18T13:04:08.671845+08:00 test-System-Product-Name kernel: x86/cpu: User Mode Instruction Prevention (UMIP) activated
2025-03-18T13:04:08.671850+08:00 test-System-Product-Name kernel: process: using mwait in idle threads
2025-03-18T13:04:08.671852+08:00 test-System-Product-Name kernel: Last level iTLB entries: 4KB 0, 2MB 0, 4MB 0
2025-03-18T13:04:08.671862+08:00 test-System-Product-Name kernel: Last level dTLB entries: 4KB 0, 2MB 0, 4MB 0, 1GB 0
2025-03-18T13:04:08.671866+08:00 test-System-Product-Name kernel: Spectre V1 : Mitigation: usercopy/swapgs barriers and __user pointer sanitization
2025-03-18T13:04:08.671867+08:00 test-System-Product-Name kernel: Spectre V2 : Mitigation: Enhanced / Automatic IBRS
2025-03-18T13:04:08.671870+08:00 test-System-Product-Name kernel: Spectre V2 : Spectre v2 / SpectreRSB mitigation: Filling RSB on context switch
2025-03-18T13:04:08.671871+08:00 test-System-Product-Name kernel: Spectre V2 : Spectre v2 / PBRSB-eIBRS: Retire a single CALL on VMEXIT
2025-03-18T13:04:08.671872+08:00 test-System-Product-Name kernel: Spectre V2 : mitigation: Enabling conditional Indirect Branch Prediction Barrier
2025-03-18T13:04:08.671873+08:00 test-System-Product-Name kernel: Speculative Store Bypass: Mitigation: Speculative Store Bypass disabled via prctl
2025-03-18T13:04:08.671880+08:00 test-System-Product-Name kernel: Register File Data Sampling: Mitigation: Clear Register File
2025-03-18T13:04:08.671883+08:00 test-System-Product-Name kernel: x86/fpu: Supporting XSAVE feature 0x001: 'x87 floating point registers'
2025-03-18T13:04:08.671885+08:00 test-System-Product-Name kernel: x86/fpu: Supporting XSAVE feature 0x002: 'SSE registers'
2025-03-18T13:04:08.671886+08:00 test-System-Product-Name kernel: x86/fpu: Supporting XSAVE feature 0x004: 'AVX registers'
2025-03-18T13:04:08.671888+08:00 test-System-Product-Name kernel: x86/fpu: Supporting XSAVE feature 0x200: 'Protection Keys User registers'
2025-03-18T13:04:08.671889+08:00 test-System-Product-Name kernel: x86/fpu: Supporting XSAVE feature 0x800: 'Control-flow User registers'
2025-03-18T13:04:08.671896+08:00 test-System-Product-Name kernel: x86/fpu: xstate_offset[2]:  576, xstate_sizes[2]:  256
2025-03-18T13:04:08.671899+08:00 test-System-Product-Name kernel: x86/fpu: xstate_offset[9]:  832, xstate_sizes[9]:    8
2025-03-18T13:04:08.671901+08:00 test-System-Product-Name kernel: x86/fpu: xstate_offset[11]:  840, xstate_sizes[11]:   16
2025-03-18T13:04:08.671904+08:00 test-System-Product-Name kernel: x86/fpu: Enabled xstate features 0xa07, context size is 856 bytes, using 'compacted' format.
2025-03-18T13:04:08.671905+08:00 test-System-Product-Name kernel: Freeing SMP alternatives memory: 48K
2025-03-18T13:04:08.671906+08:00 test-System-Product-Name kernel: pid_max: default: 32768 minimum: 301
2025-03-18T13:04:08.671907+08:00 test-System-Product-Name kernel: LSM: initializing lsm=lockdown,capability,landlock,yama,apparmor,integrity
2025-03-18T13:04:08.671917+08:00 test-System-Product-Name kernel: landlock: Up and running.
2025-03-18T13:04:08.671922+08:00 test-System-Product-Name kernel: Yama: becoming mindful.
2025-03-18T13:04:08.671923+08:00 test-System-Product-Name kernel: AppArmor: AppArmor initialized
2025-03-18T13:04:08.671924+08:00 test-System-Product-Name kernel: Mount-cache hash table entries: 65536 (order: 7, 524288 bytes, linear)
2025-03-18T13:04:08.671927+08:00 test-System-Product-Name kernel: Mountpoint-cache hash table entries: 65536 (order: 7, 524288 bytes, linear)
2025-03-18T13:04:08.671928+08:00 test-System-Product-Name kernel: smpboot: CPU0: Intel(R) Core(TM) i7-14700K (family: 0x6, model: 0xb7, stepping: 0x1)
2025-03-18T13:04:08.671935+08:00 test-System-Product-Name kernel: RCU Tasks: Setting shift to 5 and lim to 1 rcu_task_cb_adjust=1.
2025-03-18T13:04:08.671938+08:00 test-System-Product-Name kernel: RCU Tasks Rude: Setting shift to 5 and lim to 1 rcu_task_cb_adjust=1.
2025-03-18T13:04:08.671939+08:00 test-System-Product-Name kernel: RCU Tasks Trace: Setting shift to 5 and lim to 1 rcu_task_cb_adjust=1.
2025-03-18T13:04:08.671955+08:00 test-System-Product-Name kernel: Performance Events: XSAVE Architectural LBR, PEBS fmt4+-baseline,  AnyThread deprecated, Alderlake Hybrid events, 32-deep LBR, full-width counters, Intel PMU driver.
2025-03-18T13:04:08.671958+08:00 test-System-Product-Name kernel: core: cpu_core PMU driver: 
2025-03-18T13:04:08.671959+08:00 test-System-Product-Name kernel: ... version:                5
2025-03-18T13:04:08.671966+08:00 test-System-Product-Name kernel: ... bit width:              48
2025-03-18T13:04:08.671969+08:00 test-System-Product-Name kernel: ... generic registers:      8
2025-03-18T13:04:08.671970+08:00 test-System-Product-Name kernel: ... value mask:             0000ffffffffffff
2025-03-18T13:04:08.671974+08:00 test-System-Product-Name kernel: ... max period:             00007fffffffffff
2025-03-18T13:04:08.671975+08:00 test-System-Product-Name kernel: ... fixed-purpose events:   4
2025-03-18T13:04:08.671976+08:00 test-System-Product-Name kernel: ... event mask:             0001000f000000ff
2025-03-18T13:04:08.671980+08:00 test-System-Product-Name kernel: signal: max sigframe size: 3632
2025-03-18T13:04:08.671985+08:00 test-System-Product-Name kernel: Estimated ratio of average max frequency by base frequency (times 1024): 1656
2025-03-18T13:04:08.671988+08:00 test-System-Product-Name kernel: rcu: Hierarchical SRCU implementation.
2025-03-18T13:04:08.671989+08:00 test-System-Product-Name kernel: rcu: 	Max phase no-delay instances is 400.
2025-03-18T13:04:08.671990+08:00 test-System-Product-Name kernel: NMI watchdog: Enabled. Permanently consumes one hw-PMU counter.
2025-03-18T13:04:08.671991+08:00 test-System-Product-Name kernel: smp: Bringing up secondary CPUs ...
2025-03-18T13:04:08.671997+08:00 test-System-Product-Name kernel: smpboot: x86: Booting SMP configuration:
2025-03-18T13:04:08.672004+08:00 test-System-Product-Name kernel: .... node  #0, CPUs:        #2  #4  #6  #8 #10 #12 #14 #16 #17 #18 #19 #20 #21 #22 #23 #24 #25 #26 #27
2025-03-18T13:04:08.672007+08:00 test-System-Product-Name kernel: core: cpu_atom PMU driver: PEBS-via-PT 
2025-03-18T13:04:08.672010+08:00 test-System-Product-Name kernel: ... version:                5
2025-03-18T13:04:08.672011+08:00 test-System-Product-Name kernel: ... bit width:              48
2025-03-18T13:04:08.672012+08:00 test-System-Product-Name kernel: ... generic registers:      6
2025-03-18T13:04:08.672015+08:00 test-System-Product-Name kernel: ... value mask:             0000ffffffffffff
2025-03-18T13:04:08.672022+08:00 test-System-Product-Name kernel: ... max period:             00007fffffffffff
2025-03-18T13:04:08.672025+08:00 test-System-Product-Name kernel: ... fixed-purpose events:   3
2025-03-18T13:04:08.672026+08:00 test-System-Product-Name kernel: ... event mask:             000000070000003f
2025-03-18T13:04:08.672027+08:00 test-System-Product-Name kernel:   #1  #3  #5  #7  #9 #11 #13 #15
2025-03-18T13:04:08.672029+08:00 test-System-Product-Name kernel: smp: Brought up 1 node, 28 CPUs
2025-03-18T13:04:08.672036+08:00 test-System-Product-Name kernel: smpboot: Max logical packages: 1
2025-03-18T13:04:08.672038+08:00 test-System-Product-Name kernel: smpboot: Total of 28 processors activated (191385.60 BogoMIPS)
2025-03-18T13:04:08.672046+08:00 test-System-Product-Name kernel: devtmpfs: initialized
2025-03-18T13:04:08.672049+08:00 test-System-Product-Name kernel: x86/mm: Memory block size: 128MB
2025-03-18T13:04:08.672052+08:00 test-System-Product-Name kernel: ACPI: PM: Registering ACPI NVS region [mem 0x744ec000-0x7471efff] (2306048 bytes)
2025-03-18T13:04:08.672053+08:00 test-System-Product-Name kernel: clocksource: jiffies: mask: 0xffffffff max_cycles: 0xffffffff, max_idle_ns: 1911260446275000 ns
2025-03-18T13:04:08.672054+08:00 test-System-Product-Name kernel: futex hash table entries: 8192 (order: 7, 524288 bytes, linear)
2025-03-18T13:04:08.672055+08:00 test-System-Product-Name kernel: pinctrl core: initialized pinctrl subsystem
2025-03-18T13:04:08.672062+08:00 test-System-Product-Name kernel: PM: RTC time: 05:04:03, date: 2025-03-18
2025-03-18T13:04:08.672066+08:00 test-System-Product-Name kernel: NET: Registered PF_NETLINK/PF_ROUTE protocol family
2025-03-18T13:04:08.672077+08:00 test-System-Product-Name kernel: DMA: preallocated 4096 KiB GFP_KERNEL pool for atomic allocations
2025-03-18T13:04:08.672080+08:00 test-System-Product-Name kernel: DMA: preallocated 4096 KiB GFP_KERNEL|GFP_DMA pool for atomic allocations
2025-03-18T13:04:08.672081+08:00 test-System-Product-Name kernel: DMA: preallocated 4096 KiB GFP_KERNEL|GFP_DMA32 pool for atomic allocations
2025-03-18T13:04:08.672081+08:00 test-System-Product-Name kernel: audit: initializing netlink subsys (disabled)
2025-03-18T13:04:08.672089+08:00 test-System-Product-Name kernel: audit: type=2000 audit(1742274243.024:1): state=initialized audit_enabled=0 res=1
2025-03-18T13:04:08.672092+08:00 test-System-Product-Name kernel: thermal_sys: Registered thermal governor 'fair_share'
2025-03-18T13:04:08.672095+08:00 test-System-Product-Name kernel: thermal_sys: Registered thermal governor 'bang_bang'
2025-03-18T13:04:08.672096+08:00 test-System-Product-Name kernel: thermal_sys: Registered thermal governor 'step_wise'
2025-03-18T13:04:08.672097+08:00 test-System-Product-Name kernel: thermal_sys: Registered thermal governor 'user_space'
2025-03-18T13:04:08.672098+08:00 test-System-Product-Name kernel: thermal_sys: Registered thermal governor 'power_allocator'
2025-03-18T13:04:08.672099+08:00 test-System-Product-Name kernel: EISA bus registered
2025-03-18T13:04:08.672106+08:00 test-System-Product-Name kernel: cpuidle: using governor ladder
2025-03-18T13:04:08.672111+08:00 test-System-Product-Name kernel: cpuidle: using governor menu
2025-03-18T13:04:08.672112+08:00 test-System-Product-Name kernel: ACPI FADT declares the system doesn't support PCIe ASPM, so disable it
2025-03-18T13:04:08.672113+08:00 test-System-Product-Name kernel: acpiphp: ACPI Hot Plug PCI Controller Driver version: 0.5
2025-03-18T13:04:08.672114+08:00 test-System-Product-Name kernel: PCI: ECAM [mem 0xc0000000-0xce0fffff] (base 0xc0000000) for domain 0000 [bus 00-e0]
2025-03-18T13:04:08.672116+08:00 test-System-Product-Name kernel: PCI: Using configuration type 1 for base access
2025-03-18T13:04:08.672123+08:00 test-System-Product-Name kernel: kprobes: kprobe jump-optimization is enabled. All kprobes are optimized if possible.
2025-03-18T13:04:08.672126+08:00 test-System-Product-Name kernel: HugeTLB: registered 1.00 GiB page size, pre-allocated 0 pages
2025-03-18T13:04:08.672137+08:00 test-System-Product-Name kernel: HugeTLB: 16380 KiB vmemmap can be freed for a 1.00 GiB page
2025-03-18T13:04:08.672139+08:00 test-System-Product-Name kernel: HugeTLB: registered 2.00 MiB page size, pre-allocated 0 pages
2025-03-18T13:04:08.672140+08:00 test-System-Product-Name kernel: HugeTLB: 28 KiB vmemmap can be freed for a 2.00 MiB page
2025-03-18T13:04:08.672141+08:00 test-System-Product-Name kernel: ACPI: Added _OSI(Module Device)
2025-03-18T13:04:08.672142+08:00 test-System-Product-Name kernel: ACPI: Added _OSI(Processor Device)
2025-03-18T13:04:08.672153+08:00 test-System-Product-Name kernel: ACPI: Added _OSI(3.0 _SCP Extensions)
2025-03-18T13:04:08.672156+08:00 test-System-Product-Name kernel: ACPI: Added _OSI(Processor Aggregator Device)
2025-03-18T13:04:08.672157+08:00 test-System-Product-Name kernel: ACPI: 12 ACPI AML tables successfully acquired and loaded
2025-03-18T13:04:08.672158+08:00 test-System-Product-Name kernel: ACPI: Dynamic OEM Table Load:
2025-03-18T13:04:08.672161+08:00 test-System-Product-Name kernel: ACPI: SSDT 0xFFFFA064C1E80400 000394 (v02 PmRef  Cpu0Cst  00003001 INTL 20200717)
2025-03-18T13:04:08.672162+08:00 test-System-Product-Name kernel: ACPI: Dynamic OEM Table Load:
2025-03-18T13:04:08.672169+08:00 test-System-Product-Name kernel: ACPI: SSDT 0xFFFFA064C39DF000 000689 (v02 PmRef  Cpu0Ist  00003000 INTL 20200717)
2025-03-18T13:04:08.672172+08:00 test-System-Product-Name kernel: ACPI: Dynamic OEM Table Load:
2025-03-18T13:04:08.672185+08:00 test-System-Product-Name kernel: ACPI: SSDT 0xFFFFA064C39D4A00 0001AB (v02 PmRef  Cpu0Psd  00003000 INTL 20200717)
2025-03-18T13:04:08.672188+08:00 test-System-Product-Name kernel: ACPI: Dynamic OEM Table Load:
2025-03-18T13:04:08.672189+08:00 test-System-Product-Name kernel: ACPI: SSDT 0xFFFFA064C39DE000 0004B5 (v02 PmRef  Cpu0Hwp  00003000 INTL 20200717)
2025-03-18T13:04:08.672190+08:00 test-System-Product-Name kernel: ACPI: Dynamic OEM Table Load:
2025-03-18T13:04:08.672197+08:00 test-System-Product-Name kernel: ACPI: SSDT 0xFFFFA064C39EE000 001BAF (v02 PmRef  ApIst    00003000 INTL 20200717)
2025-03-18T13:04:08.672201+08:00 test-System-Product-Name kernel: ACPI: Dynamic OEM Table Load:
2025-03-18T13:04:08.672202+08:00 test-System-Product-Name kernel: ACPI: SSDT 0xFFFFA064C39EC000 001038 (v02 PmRef  ApHwp    00003000 INTL 20200717)
2025-03-18T13:04:08.672204+08:00 test-System-Product-Name kernel: ACPI: Dynamic OEM Table Load:
2025-03-18T13:04:08.672205+08:00 test-System-Product-Name kernel: ACPI: SSDT 0xFFFFA064C39EA000 001349 (v02 PmRef  ApPsd    00003000 INTL 20200717)
2025-03-18T13:04:08.672206+08:00 test-System-Product-Name kernel: ACPI: Dynamic OEM Table Load:
2025-03-18T13:04:08.672285+08:00 test-System-Product-Name kernel: ACPI: SSDT 0xFFFFA064C39F7000 000FBB (v02 PmRef  ApCst    00003000 INTL 20200717)
2025-03-18T13:04:08.672304+08:00 test-System-Product-Name kernel: ACPI: _OSC evaluated successfully for all CPUs
2025-03-18T13:04:08.672308+08:00 test-System-Product-Name kernel: ACPI: Interpreter enabled
2025-03-18T13:04:08.672324+08:00 test-System-Product-Name kernel: ACPI: PM: (supports S0 S3 S4 S5)
2025-03-18T13:04:08.672336+08:00 test-System-Product-Name kernel: ACPI: Using IOAPIC for interrupt routing
2025-03-18T13:04:08.672340+08:00 test-System-Product-Name kernel: PCI: Using host bridge windows from ACPI; if necessary, use "pci=nocrs" and report a bug
2025-03-18T13:04:08.672342+08:00 test-System-Product-Name kernel: PCI: Ignoring E820 reservations for host bridge windows
2025-03-18T13:04:08.672356+08:00 test-System-Product-Name kernel: ACPI: Enabled 6 GPEs in block 00 to 7F
2025-03-18T13:04:08.672359+08:00 test-System-Product-Name kernel: ACPI: \_SB_.PC00.XHCI.RHUB.HS14.PRBT: New power resource
2025-03-18T13:04:08.672360+08:00 test-System-Product-Name kernel: ACPI: \_SB_.PC00.CNVW.WRST: New power resource
2025-03-18T13:04:08.672363+08:00 test-System-Product-Name kernel: ACPI: \_TZ_.FN00: New power resource
2025-03-18T13:04:08.672365+08:00 test-System-Product-Name kernel: ACPI: \_TZ_.FN01: New power resource
2025-03-18T13:04:08.672366+08:00 test-System-Product-Name kernel: ACPI: \_TZ_.FN02: New power resource
2025-03-18T13:04:08.672367+08:00 test-System-Product-Name kernel: ACPI: \_TZ_.FN03: New power resource
2025-03-18T13:04:08.672379+08:00 test-System-Product-Name kernel: ACPI: \_TZ_.FN04: New power resource
2025-03-18T13:04:08.672383+08:00 test-System-Product-Name kernel: ACPI: \PIN_: New power resource
2025-03-18T13:04:08.672384+08:00 test-System-Product-Name kernel: ACPI: PCI Root Bridge [PC00] (domain 0000 [bus 00-e0])
2025-03-18T13:04:08.672385+08:00 test-System-Product-Name kernel: acpi PNP0A08:00: _OSC: OS supports [ExtendedConfig ASPM ClockPM Segments MSI EDR HPX-Type3]
2025-03-18T13:04:08.672400+08:00 test-System-Product-Name kernel: acpi PNP0A08:00: _OSC: OS now controls [PCIeHotplug SHPCHotplug PME AER PCIeCapability LTR DPC]
2025-03-18T13:04:08.672403+08:00 test-System-Product-Name kernel: acpi PNP0A08:00: FADT indicates ASPM is unsupported, using BIOS configuration
2025-03-18T13:04:08.672414+08:00 test-System-Product-Name kernel: PCI host bridge to bus 0000:00
2025-03-18T13:04:08.672423+08:00 test-System-Product-Name kernel: pci_bus 0000:00: root bus resource [io  0x0000-0x0cf7 window]
2025-03-18T13:04:08.672424+08:00 test-System-Product-Name kernel: pci_bus 0000:00: root bus resource [io  0x0d00-0xffff window]
2025-03-18T13:04:08.672426+08:00 test-System-Product-Name kernel: pci_bus 0000:00: root bus resource [mem 0x000a0000-0x000bffff window]
2025-03-18T13:04:08.672438+08:00 test-System-Product-Name kernel: pci_bus 0000:00: root bus resource [mem 0x000e0000-0x000effff window]
2025-03-18T13:04:08.672441+08:00 test-System-Product-Name kernel: pci_bus 0000:00: root bus resource [mem 0x80800000-0xbfffffff window]
2025-03-18T13:04:08.672455+08:00 test-System-Product-Name kernel: pci_bus 0000:00: root bus resource [mem 0x4000000000-0x7fffffffff window]
2025-03-18T13:04:08.672458+08:00 test-System-Product-Name kernel: pci_bus 0000:00: root bus resource [bus 00-e0]
2025-03-18T13:04:08.672474+08:00 test-System-Product-Name kernel: pci 0000:00:00.0: [8086:a740] type 00 class 0x060000 conventional PCI endpoint
2025-03-18T13:04:08.672477+08:00 test-System-Product-Name kernel: pci 0000:00:02.0: [8086:a780] type 00 class 0x030000 PCIe Root Complex Integrated Endpoint
2025-03-18T13:04:08.672479+08:00 test-System-Product-Name kernel: pci 0000:00:02.0: BAR 0 [mem 0x6004000000-0x6004ffffff 64bit]
2025-03-18T13:04:08.672480+08:00 test-System-Product-Name kernel: pci 0000:00:02.0: BAR 2 [mem 0x4000000000-0x400fffffff 64bit pref]
2025-03-18T13:04:08.672481+08:00 test-System-Product-Name kernel: pci 0000:00:02.0: BAR 4 [io  0x7000-0x703f]
2025-03-18T13:04:08.672504+08:00 test-System-Product-Name kernel: pci 0000:00:02.0: DMAR: Skip IOMMU disabling for graphics
2025-03-18T13:04:08.672507+08:00 test-System-Product-Name kernel: pci 0000:00:02.0: Video device with shadowed ROM at [mem 0x000c0000-0x000dffff]
2025-03-18T13:04:08.672508+08:00 test-System-Product-Name kernel: pci 0000:00:02.0: VF BAR 0 [mem 0x00000000-0x00ffffff 64bit]
2025-03-18T13:04:08.672509+08:00 test-System-Product-Name kernel: pci 0000:00:02.0: VF BAR 0 [mem 0x00000000-0x06ffffff 64bit]: contains BAR 0 for 7 VFs
2025-03-18T13:04:08.672512+08:00 test-System-Product-Name kernel: pci 0000:00:02.0: VF BAR 2 [mem 0x00000000-0x1fffffff 64bit pref]
2025-03-18T13:04:08.672514+08:00 test-System-Product-Name kernel: pci 0000:00:02.0: VF BAR 2 [mem 0x00000000-0xdfffffff 64bit pref]: contains BAR 2 for 7 VFs
2025-03-18T13:04:08.672525+08:00 test-System-Product-Name kernel: pci 0000:00:06.0: [8086:a74d] type 01 class 0x060400 PCIe Root Port
2025-03-18T13:04:08.672528+08:00 test-System-Product-Name kernel: pci 0000:00:06.0: PCI bridge to [bus 01]
2025-03-18T13:04:08.672533+08:00 test-System-Product-Name kernel: pci 0000:00:06.0:   bridge window [mem 0x85f00000-0x85ffffff]
2025-03-18T13:04:08.672535+08:00 test-System-Product-Name kernel: pci 0000:00:06.0: PME# supported from D0 D3hot D3cold
2025-03-18T13:04:08.672536+08:00 test-System-Product-Name kernel: pci 0000:00:06.0: PTM enabled (root), 4ns granularity
2025-03-18T13:04:08.672537+08:00 test-System-Product-Name kernel: pci 0000:00:0a.0: [8086:a77d] type 00 class 0x118000 PCIe Root Complex Integrated Endpoint
2025-03-18T13:04:08.672538+08:00 test-System-Product-Name kernel: pci 0000:00:0a.0: BAR 0 [mem 0x6005210000-0x6005217fff 64bit]
2025-03-18T13:04:08.672549+08:00 test-System-Product-Name kernel: pci 0000:00:0a.0: enabling Extended Tags
2025-03-18T13:04:08.672554+08:00 test-System-Product-Name kernel: pci 0000:00:0e.0: [8086:a77f] type 00 class 0x010400 PCIe Root Complex Integrated Endpoint
2025-03-18T13:04:08.672556+08:00 test-System-Product-Name kernel: pci 0000:00:0e.0: BAR 0 [mem 0x6002000000-0x6003ffffff 64bit]
2025-03-18T13:04:08.672557+08:00 test-System-Product-Name kernel: pci 0000:00:0e.0: BAR 2 [mem 0x82000000-0x83ffffff]
2025-03-18T13:04:08.672558+08:00 test-System-Product-Name kernel: pci 0000:00:0e.0: BAR 4 [mem 0x6005100000-0x60051fffff 64bit]
2025-03-18T13:04:08.672562+08:00 test-System-Product-Name kernel: pci 0000:00:14.0: [8086:7a60] type 00 class 0x0c0330 conventional PCI endpoint
2025-03-18T13:04:08.672573+08:00 test-System-Product-Name kernel: pci 0000:00:14.0: BAR 0 [mem 0x6005200000-0x600520ffff 64bit]
2025-03-18T13:04:08.672576+08:00 test-System-Product-Name kernel: pci 0000:00:14.0: PME# supported from D3hot D3cold
2025-03-18T13:04:08.672589+08:00 test-System-Product-Name kernel: pci 0000:00:14.2: [8086:7a27] type 00 class 0x050000 conventional PCI endpoint
2025-03-18T13:04:08.672590+08:00 test-System-Product-Name kernel: pci 0000:00:14.2: BAR 0 [mem 0x6005224000-0x6005227fff 64bit]
2025-03-18T13:04:08.672591+08:00 test-System-Product-Name kernel: pci 0000:00:14.2: BAR 2 [mem 0x600522d000-0x600522dfff 64bit]
2025-03-18T13:04:08.672592+08:00 test-System-Product-Name kernel: pci 0000:00:15.0: [8086:7a4c] type 00 class 0x0c8000 conventional PCI endpoint
2025-03-18T13:04:08.672604+08:00 test-System-Product-Name kernel: pci 0000:00:15.0: BAR 0 [mem 0x00000000-0x00000fff 64bit]
2025-03-18T13:04:08.672608+08:00 test-System-Product-Name kernel: pci 0000:00:15.1: [8086:7a4d] type 00 class 0x0c8000 conventional PCI endpoint
2025-03-18T13:04:08.672611+08:00 test-System-Product-Name kernel: pci 0000:00:15.1: BAR 0 [mem 0x00000000-0x00000fff 64bit]
2025-03-18T13:04:08.672612+08:00 test-System-Product-Name kernel: pci 0000:00:15.2: [8086:7a4e] type 00 class 0x0c8000 conventional PCI endpoint
2025-03-18T13:04:08.672614+08:00 test-System-Product-Name kernel: pci 0000:00:15.2: BAR 0 [mem 0x00000000-0x00000fff 64bit]
2025-03-18T13:04:08.672615+08:00 test-System-Product-Name kernel: pci 0000:00:16.0: [8086:7a68] type 00 class 0x078000 conventional PCI endpoint
2025-03-18T13:04:08.672616+08:00 test-System-Product-Name kernel: pci 0000:00:16.0: BAR 0 [mem 0x6005229000-0x6005229fff 64bit]
2025-03-18T13:04:08.672627+08:00 test-System-Product-Name kernel: pci 0000:00:16.0: PME# supported from D3hot
2025-03-18T13:04:08.672630+08:00 test-System-Product-Name kernel: pci 0000:00:17.0: [8086:7a62] type 00 class 0x010601 conventional PCI endpoint
2025-03-18T13:04:08.672631+08:00 test-System-Product-Name kernel: pci 0000:00:17.0: BAR 0 [mem 0x86000000-0x86001fff]
2025-03-18T13:04:08.672635+08:00 test-System-Product-Name kernel: pci 0000:00:17.0: BAR 1 [mem 0x86003000-0x860030ff]
2025-03-18T13:04:08.672691+08:00 test-System-Product-Name kernel: pci 0000:00:17.0: BAR 2 [io  0x7090-0x7097]
2025-03-18T13:04:08.672704+08:00 test-System-Product-Name kernel: pci 0000:00:17.0: BAR 3 [io  0x7080-0x7083]
2025-03-18T13:04:08.672717+08:00 test-System-Product-Name kernel: pci 0000:00:17.0: BAR 4 [io  0x7060-0x707f]
2025-03-18T13:04:08.672718+08:00 test-System-Product-Name kernel: pci 0000:00:17.0: BAR 5 [mem 0x86002000-0x860027ff]
2025-03-18T13:04:08.672719+08:00 test-System-Product-Name kernel: pci 0000:00:17.0: PME# supported from D3hot
2025-03-18T13:04:08.672720+08:00 test-System-Product-Name kernel: pci 0000:00:1a.0: [8086:7a48] type 01 class 0x060400 PCIe Root Port
2025-03-18T13:04:08.672721+08:00 test-System-Product-Name kernel: pci 0000:00:1a.0: PCI bridge to [bus 02]
2025-03-18T13:04:08.672722+08:00 test-System-Product-Name kernel: pci 0000:00:1a.0:   bridge window [io  0x6000-0x6fff]
2025-03-18T13:04:08.672722+08:00 test-System-Product-Name kernel: pci 0000:00:1a.0:   bridge window [mem 0x85400000-0x85dfffff]
2025-03-18T13:04:08.672728+08:00 test-System-Product-Name kernel: pci 0000:00:1a.0:   bridge window [mem 0x6001400000-0x6001dfffff 64bit pref]
2025-03-18T13:04:08.672729+08:00 test-System-Product-Name kernel: pci 0000:00:1a.0: PME# supported from D0 D3hot D3cold
2025-03-18T13:04:08.672730+08:00 test-System-Product-Name kernel: pci 0000:00:1b.0: [8086:7a40] type 01 class 0x060400 PCIe Root Port
2025-03-18T13:04:08.672731+08:00 test-System-Product-Name kernel: pci 0000:00:1b.0: PCI bridge to [bus 03]
2025-03-18T13:04:08.672731+08:00 test-System-Product-Name kernel: pci 0000:00:1b.0: PME# supported from D0 D3hot D3cold
2025-03-18T13:04:08.672732+08:00 test-System-Product-Name kernel: pci 0000:00:1c.0: [8086:7a38] type 01 class 0x060400 PCIe Root Port
2025-03-18T13:04:08.672737+08:00 test-System-Product-Name kernel: pci 0000:00:1c.0: PCI bridge to [bus 04]
2025-03-18T13:04:08.672748+08:00 test-System-Product-Name kernel: pci 0000:00:1c.0:   bridge window [io  0x5000-0x5fff]
2025-03-18T13:04:08.672748+08:00 test-System-Product-Name kernel: pci 0000:00:1c.0:   bridge window [mem 0x84a00000-0x853fffff]
2025-03-18T13:04:08.672749+08:00 test-System-Product-Name kernel: pci 0000:00:1c.0:   bridge window [mem 0x6000a00000-0x60013fffff 64bit pref]
2025-03-18T13:04:08.672750+08:00 test-System-Product-Name kernel: pci 0000:00:1c.0: PME# supported from D0 D3hot D3cold
2025-03-18T13:04:08.672751+08:00 test-System-Product-Name kernel: pci 0000:00:1c.2: [8086:7a3a] type 01 class 0x060400 PCIe Root Port
2025-03-18T13:04:08.672756+08:00 test-System-Product-Name kernel: pci 0000:00:1c.2: PCI bridge to [bus 05]
2025-03-18T13:04:08.672759+08:00 test-System-Product-Name kernel: pci 0000:00:1c.2:   bridge window [io  0x4000-0x4fff]
2025-03-18T13:04:08.672760+08:00 test-System-Product-Name kernel: pci 0000:00:1c.2:   bridge window [mem 0x85e00000-0x85efffff]
2025-03-18T13:04:08.672760+08:00 test-System-Product-Name kernel: pci 0000:00:1c.2: PME# supported from D0 D3hot D3cold
2025-03-18T13:04:08.672761+08:00 test-System-Product-Name kernel: pci 0000:00:1c.2: PTM enabled (root), 4ns granularity
2025-03-18T13:04:08.672762+08:00 test-System-Product-Name kernel: pci 0000:00:1d.0: [8086:7a30] type 01 class 0x060400 PCIe Root Port
2025-03-18T13:04:08.672763+08:00 test-System-Product-Name kernel: pci 0000:00:1d.0: PCI bridge to [bus 06]
2025-03-18T13:04:08.672768+08:00 test-System-Product-Name kernel: pci 0000:00:1d.0:   bridge window [io  0x3000-0x3fff]
2025-03-18T13:04:08.672770+08:00 test-System-Product-Name kernel: pci 0000:00:1d.0:   bridge window [mem 0x84000000-0x849fffff]
2025-03-18T13:04:08.672772+08:00 test-System-Product-Name kernel: pci 0000:00:1d.0:   bridge window [mem 0x6000000000-0x60009fffff 64bit pref]
2025-03-18T13:04:08.672773+08:00 test-System-Product-Name kernel: pci 0000:00:1d.0: PME# supported from D0 D3hot D3cold
2025-03-18T13:04:08.672774+08:00 test-System-Product-Name kernel: pci 0000:00:1f.0: [8086:7a04] type 00 class 0x060100 conventional PCI endpoint
2025-03-18T13:04:08.672775+08:00 test-System-Product-Name kernel: pci 0000:00:1f.3: [8086:7a50] type 00 class 0x040300 conventional PCI endpoint
2025-03-18T13:04:08.672830+08:00 test-System-Product-Name kernel: pci 0000:00:1f.3: BAR 0 [mem 0x6005220000-0x6005223fff 64bit]
2025-03-18T13:04:08.672831+08:00 test-System-Product-Name kernel: pci 0000:00:1f.3: BAR 4 [mem 0x6005000000-0x60050fffff 64bit]
2025-03-18T13:04:08.672833+08:00 test-System-Product-Name kernel: pci 0000:00:1f.3: PME# supported from D3hot D3cold
2025-03-18T13:04:08.672834+08:00 test-System-Product-Name kernel: pci 0000:00:1f.4: [8086:7a23] type 00 class 0x0c0500 conventional PCI endpoint
2025-03-18T13:04:08.672835+08:00 test-System-Product-Name kernel: pci 0000:00:1f.4: BAR 0 [mem 0x6005228000-0x60052280ff 64bit]
2025-03-18T13:04:08.672836+08:00 test-System-Product-Name kernel: pci 0000:00:1f.4: BAR 4 [io  0xefa0-0xefbf]
2025-03-18T13:04:08.672836+08:00 test-System-Product-Name kernel: pci 0000:00:1f.5: [8086:7a24] type 00 class 0x0c8000 conventional PCI endpoint
2025-03-18T13:04:08.672843+08:00 test-System-Product-Name kernel: pci 0000:00:1f.5: BAR 0 [mem 0xfe010000-0xfe010fff]
2025-03-18T13:04:08.672844+08:00 test-System-Product-Name kernel: pci 0000:01:00.0: [2646:5017] type 00 class 0x010802 PCIe Endpoint
2025-03-18T13:04:08.672845+08:00 test-System-Product-Name kernel: pci 0000:01:00.0: BAR 0 [mem 0x85f00000-0x85f03fff 64bit]
2025-03-18T13:04:08.672846+08:00 test-System-Product-Name kernel: pci 0000:00:06.0: PCI bridge to [bus 01]
2025-03-18T13:04:08.672847+08:00 test-System-Product-Name kernel: pci 0000:00:1a.0: PCI bridge to [bus 02]
2025-03-18T13:04:08.672848+08:00 test-System-Product-Name kernel: pci 0000:00:1b.0: PCI bridge to [bus 03]
2025-03-18T13:04:08.672856+08:00 test-System-Product-Name kernel: pci 0000:00:1c.0: PCI bridge to [bus 04]
2025-03-18T13:04:08.672858+08:00 test-System-Product-Name kernel: pci 0000:05:00.0: [10ec:8125] type 00 class 0x020000 PCIe Endpoint
2025-03-18T13:04:08.672859+08:00 test-System-Product-Name kernel: pci 0000:05:00.0: BAR 0 [io  0x4000-0x40ff]
2025-03-18T13:04:08.672860+08:00 test-System-Product-Name kernel: pci 0000:05:00.0: BAR 2 [mem 0x85e00000-0x85e0ffff 64bit]
2025-03-18T13:04:08.672860+08:00 test-System-Product-Name kernel: pci 0000:05:00.0: BAR 4 [mem 0x85e10000-0x85e13fff 64bit]
2025-03-18T13:04:08.672862+08:00 test-System-Product-Name kernel: pci 0000:05:00.0: supports D1 D2
2025-03-18T13:04:08.672868+08:00 test-System-Product-Name kernel: pci 0000:05:00.0: PME# supported from D0 D1 D2 D3hot D3cold
2025-03-18T13:04:08.672869+08:00 test-System-Product-Name kernel: pci 0000:00:1c.2: PCI bridge to [bus 05]
2025-03-18T13:04:08.672870+08:00 test-System-Product-Name kernel: pci 0000:00:1d.0: PCI bridge to [bus 06]
2025-03-18T13:04:08.672872+08:00 test-System-Product-Name kernel: ACPI: PCI: Interrupt link LNKA configured for IRQ 0
2025-03-18T13:04:08.672873+08:00 test-System-Product-Name kernel: ACPI: PCI: Interrupt link LNKB configured for IRQ 1
2025-03-18T13:04:08.672874+08:00 test-System-Product-Name kernel: ACPI: PCI: Interrupt link LNKC configured for IRQ 0
2025-03-18T13:04:08.672874+08:00 test-System-Product-Name kernel: ACPI: PCI: Interrupt link LNKD configured for IRQ 0
2025-03-18T13:04:08.672880+08:00 test-System-Product-Name kernel: ACPI: PCI: Interrupt link LNKE configured for IRQ 0
2025-03-18T13:04:08.672882+08:00 test-System-Product-Name kernel: ACPI: PCI: Interrupt link LNKF configured for IRQ 0
2025-03-18T13:04:08.672883+08:00 test-System-Product-Name kernel: ACPI: PCI: Interrupt link LNKG configured for IRQ 0
2025-03-18T13:04:08.672884+08:00 test-System-Product-Name kernel: ACPI: PCI: Interrupt link LNKH configured for IRQ 0
2025-03-18T13:04:08.672885+08:00 test-System-Product-Name kernel: iommu: Default domain type: Translated
2025-03-18T13:04:08.672886+08:00 test-System-Product-Name kernel: iommu: DMA domain TLB invalidation policy: lazy mode
2025-03-18T13:04:08.672891+08:00 test-System-Product-Name kernel: SCSI subsystem initialized
2025-03-18T13:04:08.672893+08:00 test-System-Product-Name kernel: libata version 3.00 loaded.
2025-03-18T13:04:08.672894+08:00 test-System-Product-Name kernel: ACPI: bus type USB registered
2025-03-18T13:04:08.672894+08:00 test-System-Product-Name kernel: usbcore: registered new interface driver usbfs
2025-03-18T13:04:08.672895+08:00 test-System-Product-Name kernel: usbcore: registered new interface driver hub
2025-03-18T13:04:08.672897+08:00 test-System-Product-Name kernel: usbcore: registered new device driver usb
2025-03-18T13:04:08.672898+08:00 test-System-Product-Name kernel: pps_core: LinuxPPS API ver. 1 registered
2025-03-18T13:04:08.672903+08:00 test-System-Product-Name kernel: pps_core: Software ver. 5.3.6 - Copyright 2005-2007 Rodolfo Giometti <giometti@linux.it>
2025-03-18T13:04:08.672904+08:00 test-System-Product-Name kernel: PTP clock support registered
2025-03-18T13:04:08.672905+08:00 test-System-Product-Name kernel: EDAC MC: Ver: 3.0.0
2025-03-18T13:04:08.672906+08:00 test-System-Product-Name kernel: efivars: Registered efivars operations
2025-03-18T13:04:08.672907+08:00 test-System-Product-Name kernel: NetLabel: Initializing
2025-03-18T13:04:08.672909+08:00 test-System-Product-Name kernel: NetLabel:  domain hash size = 128
2025-03-18T13:04:08.672914+08:00 test-System-Product-Name kernel: NetLabel:  protocols = UNLABELED CIPSOv4 CALIPSO
2025-03-18T13:04:08.672915+08:00 test-System-Product-Name kernel: NetLabel:  unlabeled traffic allowed by default
2025-03-18T13:04:08.672916+08:00 test-System-Product-Name kernel: mctp: management component transport protocol core
2025-03-18T13:04:08.672917+08:00 test-System-Product-Name kernel: NET: Registered PF_MCTP protocol family
2025-03-18T13:04:08.672918+08:00 test-System-Product-Name kernel: PCI: Using ACPI for IRQ routing
2025-03-18T13:04:08.672919+08:00 test-System-Product-Name kernel: PCI: pci_cache_line_size set to 64 bytes
2025-03-18T13:04:08.672925+08:00 test-System-Product-Name kernel: pci 0000:00:1f.5: BAR 0 [mem 0xfe010000-0xfe010fff]: can't claim; no compatible bridge window
2025-03-18T13:04:08.672926+08:00 test-System-Product-Name kernel: e820: reserve RAM buffer [mem 0x0009e000-0x0009ffff]
2025-03-18T13:04:08.672927+08:00 test-System-Product-Name kernel: e820: reserve RAM buffer [mem 0x55cff018-0x57ffffff]
2025-03-18T13:04:08.672928+08:00 test-System-Product-Name kernel: e820: reserve RAM buffer [mem 0x62653000-0x63ffffff]
2025-03-18T13:04:08.672930+08:00 test-System-Product-Name kernel: e820: reserve RAM buffer [mem 0x63e9c000-0x63ffffff]
2025-03-18T13:04:08.672931+08:00 test-System-Product-Name kernel: e820: reserve RAM buffer [mem 0x6ac24000-0x6bffffff]
2025-03-18T13:04:08.672931+08:00 test-System-Product-Name kernel: e820: reserve RAM buffer [mem 0x6d726000-0x6fffffff]
2025-03-18T13:04:08.672938+08:00 test-System-Product-Name kernel: e820: reserve RAM buffer [mem 0x7059c000-0x73ffffff]
2025-03-18T13:04:08.672939+08:00 test-System-Product-Name kernel: e820: reserve RAM buffer [mem 0x76000000-0x77ffffff]
2025-03-18T13:04:08.672939+08:00 test-System-Product-Name kernel: e820: reserve RAM buffer [mem 0x87f800000-0x87fffffff]
2025-03-18T13:04:08.672940+08:00 test-System-Product-Name kernel: pci 0000:00:02.0: vgaarb: setting as boot VGA device
2025-03-18T13:04:08.672941+08:00 test-System-Product-Name kernel: pci 0000:00:02.0: vgaarb: bridge control possible
2025-03-18T13:04:08.672942+08:00 test-System-Product-Name kernel: pci 0000:00:02.0: vgaarb: VGA device added: decodes=io+mem,owns=io+mem,locks=none
2025-03-18T13:04:08.672947+08:00 test-System-Product-Name kernel: vgaarb: loaded
2025-03-18T13:04:08.672948+08:00 test-System-Product-Name kernel: clocksource: Switched to clocksource tsc-early
2025-03-18T13:04:08.672950+08:00 test-System-Product-Name kernel: VFS: Disk quotas dquot_6.6.0
2025-03-18T13:04:08.672951+08:00 test-System-Product-Name kernel: VFS: Dquot-cache hash table entries: 512 (order 0, 4096 bytes)
2025-03-18T13:04:08.672952+08:00 test-System-Product-Name kernel: AppArmor: AppArmor Filesystem Enabled
2025-03-18T13:04:08.672954+08:00 test-System-Product-Name kernel: pnp: PnP ACPI init
2025-03-18T13:04:08.672955+08:00 test-System-Product-Name kernel: system 00:00: [io  0x0290-0x029f] has been reserved
2025-03-18T13:04:08.672960+08:00 test-System-Product-Name kernel: system 00:00: [io  0x0b00-0x0b1f] has been reserved
2025-03-18T13:04:08.672961+08:00 test-System-Product-Name kernel: pnp 00:01: [dma 0 disabled]
2025-03-18T13:04:08.672962+08:00 test-System-Product-Name kernel: system 00:02: [io  0x0680-0x069f] has been reserved
2025-03-18T13:04:08.672963+08:00 test-System-Product-Name kernel: system 00:02: [io  0x164e-0x164f] has been reserved
2025-03-18T13:04:08.672964+08:00 test-System-Product-Name kernel: system 00:03: [io  0x1854-0x1857] has been reserved
2025-03-18T13:04:08.672965+08:00 test-System-Product-Name kernel: pnp 00:04: disabling [mem 0xc0000000-0xcfffffff] because it overlaps 0000:00:02.0 BAR 9 [mem 0x00000000-0xdfffffff 64bit pref]
2025-03-18T13:04:08.672971+08:00 test-System-Product-Name kernel: system 00:04: [mem 0xfedc0000-0xfedc7fff] has been reserved
2025-03-18T13:04:08.672972+08:00 test-System-Product-Name kernel: system 00:04: [mem 0xfeda0000-0xfeda0fff] has been reserved
2025-03-18T13:04:08.672973+08:00 test-System-Product-Name kernel: system 00:04: [mem 0xfeda1000-0xfeda1fff] has been reserved
2025-03-18T13:04:08.672973+08:00 test-System-Product-Name kernel: system 00:04: [mem 0xfed20000-0xfed7ffff] could not be reserved
2025-03-18T13:04:08.672976+08:00 test-System-Product-Name kernel: system 00:04: [mem 0xfed90000-0xfed93fff] could not be reserved
2025-03-18T13:04:08.672976+08:00 test-System-Product-Name kernel: system 00:04: [mem 0xfed45000-0xfed8ffff] could not be reserved
2025-03-18T13:04:08.672981+08:00 test-System-Product-Name kernel: system 00:04: [mem 0xfee00000-0xfeefffff] could not be reserved
2025-03-18T13:04:08.672983+08:00 test-System-Product-Name kernel: system 00:05: [io  0x2000-0x20fe] has been reserved
2025-03-18T13:04:08.672983+08:00 test-System-Product-Name kernel: pnp: PnP ACPI: found 7 devices
2025-03-18T13:04:08.672984+08:00 test-System-Product-Name kernel: clocksource: acpi_pm: mask: 0xffffff max_cycles: 0xffffff, max_idle_ns: 2085701024 ns
2025-03-18T13:04:08.672985+08:00 test-System-Product-Name kernel: NET: Registered PF_INET protocol family
2025-03-18T13:04:08.672986+08:00 test-System-Product-Name kernel: IP idents hash table entries: 262144 (order: 9, 2097152 bytes, linear)
2025-03-18T13:04:08.672990+08:00 test-System-Product-Name kernel: tcp_listen_portaddr_hash hash table entries: 16384 (order: 6, 262144 bytes, linear)
2025-03-18T13:04:08.672993+08:00 test-System-Product-Name kernel: Table-perturb hash table entries: 65536 (order: 6, 262144 bytes, linear)
2025-03-18T13:04:08.672994+08:00 test-System-Product-Name kernel: TCP established hash table entries: 262144 (order: 9, 2097152 bytes, linear)
2025-03-18T13:04:08.672994+08:00 test-System-Product-Name kernel: TCP bind hash table entries: 65536 (order: 9, 2097152 bytes, linear)
2025-03-18T13:04:08.672995+08:00 test-System-Product-Name kernel: TCP: Hash tables configured (established 262144 bind 65536)
2025-03-18T13:04:08.672997+08:00 test-System-Product-Name kernel: MPTCP token hash table entries: 32768 (order: 7, 786432 bytes, linear)
2025-03-18T13:04:08.672998+08:00 test-System-Product-Name kernel: UDP hash table entries: 16384 (order: 7, 524288 bytes, linear)
2025-03-18T13:04:08.673004+08:00 test-System-Product-Name kernel: UDP-Lite hash table entries: 16384 (order: 7, 524288 bytes, linear)
2025-03-18T13:04:08.673005+08:00 test-System-Product-Name kernel: NET: Registered PF_UNIX/PF_LOCAL protocol family
2025-03-18T13:04:08.673005+08:00 test-System-Product-Name kernel: NET: Registered PF_XDP protocol family
2025-03-18T13:04:08.673006+08:00 test-System-Product-Name kernel: pci_bus 0000:00: max bus depth: 1 pci_try_num: 2
2025-03-18T13:04:08.673009+08:00 test-System-Product-Name kernel: pci 0000:00:02.0: VF BAR 2 [mem 0x4020000000-0x40ffffffff 64bit pref]: assigned
2025-03-18T13:04:08.673010+08:00 test-System-Product-Name kernel: pci 0000:00:02.0: VF BAR 0 [mem 0x4010000000-0x4016ffffff 64bit]: assigned
2025-03-18T13:04:08.673016+08:00 test-System-Product-Name kernel: pci 0000:00:15.0: BAR 0 [mem 0x4017000000-0x4017000fff 64bit]: assigned
2025-03-18T13:04:08.673017+08:00 test-System-Product-Name kernel: pci 0000:00:15.1: BAR 0 [mem 0x4017001000-0x4017001fff 64bit]: assigned
2025-03-18T13:04:08.673018+08:00 test-System-Product-Name kernel: pci 0000:00:15.2: BAR 0 [mem 0x4017002000-0x4017002fff 64bit]: assigned
2025-03-18T13:04:08.673018+08:00 test-System-Product-Name kernel: pci 0000:00:1f.5: BAR 0 [mem 0x80800000-0x80800fff]: assigned
2025-03-18T13:04:08.673019+08:00 test-System-Product-Name kernel: pci 0000:00:06.0: PCI bridge to [bus 01]
2025-03-18T13:04:08.673020+08:00 test-System-Product-Name kernel: pci 0000:00:06.0:   bridge window [mem 0x85f00000-0x85ffffff]
2025-03-18T13:04:08.673021+08:00 test-System-Product-Name kernel: pci 0000:00:1a.0: PCI bridge to [bus 02]
2025-03-18T13:04:08.673029+08:00 test-System-Product-Name kernel: pci 0000:00:1a.0:   bridge window [io  0x6000-0x6fff]
2025-03-18T13:04:08.673030+08:00 test-System-Product-Name kernel: pci 0000:00:1a.0:   bridge window [mem 0x85400000-0x85dfffff]
2025-03-18T13:04:08.673031+08:00 test-System-Product-Name kernel: pci 0000:00:1a.0:   bridge window [mem 0x6001400000-0x6001dfffff 64bit pref]
2025-03-18T13:04:08.673032+08:00 test-System-Product-Name kernel: pci 0000:00:1b.0: PCI bridge to [bus 03]
2025-03-18T13:04:08.673080+08:00 test-System-Product-Name kernel: pci 0000:00:1c.0: PCI bridge to [bus 04]
2025-03-18T13:04:08.673081+08:00 test-System-Product-Name kernel: pci 0000:00:1c.0:   bridge window [io  0x5000-0x5fff]
2025-03-18T13:04:08.673089+08:00 test-System-Product-Name kernel: pci 0000:00:1c.0:   bridge window [mem 0x84a00000-0x853fffff]
2025-03-18T13:04:08.673091+08:00 test-System-Product-Name kernel: pci 0000:00:1c.0:   bridge window [mem 0x6000a00000-0x60013fffff 64bit pref]
2025-03-18T13:04:08.673093+08:00 test-System-Product-Name kernel: pci 0000:00:1c.2: PCI bridge to [bus 05]
2025-03-18T13:04:08.673093+08:00 test-System-Product-Name kernel: pci 0000:00:1c.2:   bridge window [io  0x4000-0x4fff]
2025-03-18T13:04:08.673094+08:00 test-System-Product-Name kernel: pci 0000:00:1c.2:   bridge window [mem 0x85e00000-0x85efffff]
2025-03-18T13:04:08.673095+08:00 test-System-Product-Name kernel: pci 0000:00:1d.0: PCI bridge to [bus 06]
2025-03-18T13:04:08.673100+08:00 test-System-Product-Name kernel: pci 0000:00:1d.0:   bridge window [io  0x3000-0x3fff]
2025-03-18T13:04:08.673102+08:00 test-System-Product-Name kernel: pci 0000:00:1d.0:   bridge window [mem 0x84000000-0x849fffff]
2025-03-18T13:04:08.673104+08:00 test-System-Product-Name kernel: pci 0000:00:1d.0:   bridge window [mem 0x6000000000-0x60009fffff 64bit pref]
2025-03-18T13:04:08.673104+08:00 test-System-Product-Name kernel: pci_bus 0000:00: resource 4 [io  0x0000-0x0cf7 window]
2025-03-18T13:04:08.673105+08:00 test-System-Product-Name kernel: pci_bus 0000:00: resource 5 [io  0x0d00-0xffff window]
2025-03-18T13:04:08.673106+08:00 test-System-Product-Name kernel: pci_bus 0000:00: resource 6 [mem 0x000a0000-0x000bffff window]
2025-03-18T13:04:08.673107+08:00 test-System-Product-Name kernel: pci_bus 0000:00: resource 7 [mem 0x000e0000-0x000effff window]
2025-03-18T13:04:08.673112+08:00 test-System-Product-Name kernel: pci_bus 0000:00: resource 8 [mem 0x80800000-0xbfffffff window]
2025-03-18T13:04:08.673113+08:00 test-System-Product-Name kernel: pci_bus 0000:00: resource 9 [mem 0x4000000000-0x7fffffffff window]
2025-03-18T13:04:08.673114+08:00 test-System-Product-Name kernel: pci_bus 0000:01: resource 1 [mem 0x85f00000-0x85ffffff]
2025-03-18T13:04:08.673115+08:00 test-System-Product-Name kernel: pci_bus 0000:02: resource 0 [io  0x6000-0x6fff]
2025-03-18T13:04:08.673117+08:00 test-System-Product-Name kernel: pci_bus 0000:02: resource 1 [mem 0x85400000-0x85dfffff]
2025-03-18T13:04:08.673118+08:00 test-System-Product-Name kernel: pci_bus 0000:02: resource 2 [mem 0x6001400000-0x6001dfffff 64bit pref]
2025-03-18T13:04:08.673123+08:00 test-System-Product-Name kernel: pci_bus 0000:04: resource 0 [io  0x5000-0x5fff]
2025-03-18T13:04:08.673124+08:00 test-System-Product-Name kernel: pci_bus 0000:04: resource 1 [mem 0x84a00000-0x853fffff]
2025-03-18T13:04:08.673125+08:00 test-System-Product-Name kernel: pci_bus 0000:04: resource 2 [mem 0x6000a00000-0x60013fffff 64bit pref]
2025-03-18T13:04:08.673126+08:00 test-System-Product-Name kernel: pci_bus 0000:05: resource 0 [io  0x4000-0x4fff]
2025-03-18T13:04:08.673128+08:00 test-System-Product-Name kernel: pci_bus 0000:05: resource 1 [mem 0x85e00000-0x85efffff]
2025-03-18T13:04:08.673129+08:00 test-System-Product-Name kernel: pci_bus 0000:06: resource 0 [io  0x3000-0x3fff]
2025-03-18T13:04:08.673129+08:00 test-System-Product-Name kernel: pci_bus 0000:06: resource 1 [mem 0x84000000-0x849fffff]
2025-03-18T13:04:08.673135+08:00 test-System-Product-Name kernel: pci_bus 0000:06: resource 2 [mem 0x6000000000-0x60009fffff 64bit pref]
2025-03-18T13:04:08.673135+08:00 test-System-Product-Name kernel: PCI: CLS 64 bytes, default 64
2025-03-18T13:04:08.673136+08:00 test-System-Product-Name kernel: DMAR: No ATSR found
2025-03-18T13:04:08.673137+08:00 test-System-Product-Name kernel: DMAR: No SATC found
2025-03-18T13:04:08.673138+08:00 test-System-Product-Name kernel: DMAR: IOMMU feature fl1gp_support inconsistent
2025-03-18T13:04:08.673139+08:00 test-System-Product-Name kernel: DMAR: IOMMU feature pgsel_inv inconsistent
2025-03-18T13:04:08.673144+08:00 test-System-Product-Name kernel: DMAR: IOMMU feature nwfs inconsistent
2025-03-18T13:04:08.673145+08:00 test-System-Product-Name kernel: DMAR: IOMMU feature dit inconsistent
2025-03-18T13:04:08.673146+08:00 test-System-Product-Name kernel: DMAR: IOMMU feature sc_support inconsistent
2025-03-18T13:04:08.673146+08:00 test-System-Product-Name kernel: DMAR: IOMMU feature dev_iotlb_support inconsistent
2025-03-18T13:04:08.673147+08:00 test-System-Product-Name kernel: DMAR: dmar0: Using Queued invalidation
2025-03-18T13:04:08.673150+08:00 test-System-Product-Name kernel: DMAR: dmar1: Using Queued invalidation
2025-03-18T13:04:08.673153+08:00 test-System-Product-Name kernel: Trying to unpack rootfs image as initramfs...
2025-03-18T13:04:08.673156+08:00 test-System-Product-Name kernel: pci 0000:00:02.0: Adding to iommu group 0
2025-03-18T13:04:08.673157+08:00 test-System-Product-Name kernel: pci 0000:00:00.0: Adding to iommu group 1
2025-03-18T13:04:08.673158+08:00 test-System-Product-Name kernel: pci 0000:00:06.0: Adding to iommu group 2
2025-03-18T13:04:08.673158+08:00 test-System-Product-Name kernel: pci 0000:00:0a.0: Adding to iommu group 3
2025-03-18T13:04:08.673159+08:00 test-System-Product-Name kernel: pci 0000:00:0e.0: Adding to iommu group 4
2025-03-18T13:04:08.673160+08:00 test-System-Product-Name kernel: pci 0000:00:14.0: Adding to iommu group 5
2025-03-18T13:04:08.673165+08:00 test-System-Product-Name kernel: pci 0000:00:14.2: Adding to iommu group 5
2025-03-18T13:04:08.673167+08:00 test-System-Product-Name kernel: pci 0000:00:15.0: Adding to iommu group 6
2025-03-18T13:04:08.673168+08:00 test-System-Product-Name kernel: pci 0000:00:15.1: Adding to iommu group 6
2025-03-18T13:04:08.673169+08:00 test-System-Product-Name kernel: pci 0000:00:15.2: Adding to iommu group 6
2025-03-18T13:04:08.673169+08:00 test-System-Product-Name kernel: pci 0000:00:16.0: Adding to iommu group 7
2025-03-18T13:04:08.673171+08:00 test-System-Product-Name kernel: pci 0000:00:17.0: Adding to iommu group 8
2025-03-18T13:04:08.673177+08:00 test-System-Product-Name kernel: pci 0000:00:1a.0: Adding to iommu group 9
2025-03-18T13:04:08.673178+08:00 test-System-Product-Name kernel: pci 0000:00:1b.0: Adding to iommu group 10
2025-03-18T13:04:08.673179+08:00 test-System-Product-Name kernel: pci 0000:00:1c.0: Adding to iommu group 11
2025-03-18T13:04:08.673180+08:00 test-System-Product-Name kernel: pci 0000:00:1c.2: Adding to iommu group 12
2025-03-18T13:04:08.673182+08:00 test-System-Product-Name kernel: pci 0000:00:1d.0: Adding to iommu group 13
2025-03-18T13:04:08.673183+08:00 test-System-Product-Name kernel: pci 0000:00:1f.0: Adding to iommu group 14
2025-03-18T13:04:08.673183+08:00 test-System-Product-Name kernel: pci 0000:00:1f.3: Adding to iommu group 14
2025-03-18T13:04:08.673190+08:00 test-System-Product-Name kernel: pci 0000:00:1f.4: Adding to iommu group 14
2025-03-18T13:04:08.673192+08:00 test-System-Product-Name kernel: pci 0000:00:1f.5: Adding to iommu group 14
2025-03-18T13:04:08.673193+08:00 test-System-Product-Name kernel: pci 0000:01:00.0: Adding to iommu group 15
2025-03-18T13:04:08.673193+08:00 test-System-Product-Name kernel: pci 0000:05:00.0: Adding to iommu group 16
2025-03-18T13:04:08.673194+08:00 test-System-Product-Name kernel: DMAR: Intel(R) Virtualization Technology for Directed I/O
2025-03-18T13:04:08.673195+08:00 test-System-Product-Name kernel: PCI-DMA: Using software bounce buffering for IO (SWIOTLB)
2025-03-18T13:04:08.673201+08:00 test-System-Product-Name kernel: software IO TLB: mapped [mem 0x000000005e653000-0x0000000062653000] (64MB)
2025-03-18T13:04:08.673202+08:00 test-System-Product-Name kernel: perf uncore: Cannot find matched IMC device.
2025-03-18T13:04:08.673209+08:00 test-System-Product-Name kernel: message repeated 3 times: [ perf uncore: Cannot find matched IMC device.]
2025-03-18T13:04:08.673211+08:00 test-System-Product-Name kernel: clocksource: tsc: mask: 0xffffffffffffffff max_cycles: 0x3143404a908, max_idle_ns: 440795209397 ns
2025-03-18T13:04:08.673216+08:00 test-System-Product-Name kernel: clocksource: Switched to clocksource tsc
2025-03-18T13:04:08.673218+08:00 test-System-Product-Name kernel: platform rtc_cmos: registered platform RTC device (no PNP device found)
2025-03-18T13:04:08.673223+08:00 test-System-Product-Name kernel: Initialise system trusted keyrings
2025-03-18T13:04:08.673224+08:00 test-System-Product-Name kernel: Key type blacklist registered
2025-03-18T13:04:08.673225+08:00 test-System-Product-Name kernel: workingset: timestamp_bits=36 max_order=23 bucket_order=0
2025-03-18T13:04:08.673226+08:00 test-System-Product-Name kernel: zbud: loaded
2025-03-18T13:04:08.673227+08:00 test-System-Product-Name kernel: squashfs: version 4.0 (2009/01/31) Phillip Lougher
2025-03-18T13:04:08.673228+08:00 test-System-Product-Name kernel: fuse: init (API version 7.39)
2025-03-18T13:04:08.673228+08:00 test-System-Product-Name kernel: integrity: Platform Keyring initialized
2025-03-18T13:04:08.673235+08:00 test-System-Product-Name kernel: integrity: Machine keyring initialized
2025-03-18T13:04:08.673236+08:00 test-System-Product-Name kernel: Key type asymmetric registered
2025-03-18T13:04:08.673244+08:00 test-System-Product-Name kernel: Asymmetric key parser 'x509' registered
2025-03-18T13:04:08.673246+08:00 test-System-Product-Name kernel: Block layer SCSI generic (bsg) driver version 0.4 loaded (major 243)
2025-03-18T13:04:08.673256+08:00 test-System-Product-Name kernel: io scheduler mq-deadline registered
2025-03-18T13:04:08.673263+08:00 test-System-Product-Name kernel: pcieport 0000:00:06.0: PME: Signaling with IRQ 122
2025-03-18T13:04:08.673271+08:00 test-System-Product-Name kernel: pcieport 0000:00:06.0: AER: enabled with IRQ 122
2025-03-18T13:04:08.673272+08:00 test-System-Product-Name kernel: pcieport 0000:00:1a.0: PME: Signaling with IRQ 123
2025-03-18T13:04:08.673273+08:00 test-System-Product-Name kernel: pcieport 0000:00:1a.0: pciehp: Slot #0 AttnBtn- PwrCtrl- MRL- AttnInd- PwrInd- HotPlug+ Surprise+ Interlock- NoCompl+ IbPresDis- LLActRep+
2025-03-18T13:04:08.673274+08:00 test-System-Product-Name kernel: pcieport 0000:00:1b.0: PME: Signaling with IRQ 124
2025-03-18T13:04:08.673275+08:00 test-System-Product-Name kernel: pcieport 0000:00:1c.0: PME: Signaling with IRQ 125
2025-03-18T13:04:08.673276+08:00 test-System-Product-Name kernel: pcieport 0000:00:1c.0: pciehp: Slot #0 AttnBtn- PwrCtrl- MRL- AttnInd- PwrInd- HotPlug+ Surprise+ Interlock- NoCompl+ IbPresDis- LLActRep+
2025-03-18T13:04:08.673284+08:00 test-System-Product-Name kernel: pcieport 0000:00:1c.2: PME: Signaling with IRQ 126
2025-03-18T13:04:08.673285+08:00 test-System-Product-Name kernel: pcieport 0000:00:1c.2: AER: enabled with IRQ 126
2025-03-18T13:04:08.673292+08:00 test-System-Product-Name kernel: pcieport 0000:00:1d.0: PME: Signaling with IRQ 127
2025-03-18T13:04:08.673293+08:00 test-System-Product-Name kernel: pcieport 0000:00:1d.0: pciehp: Slot #0 AttnBtn- PwrCtrl- MRL- AttnInd- PwrInd- HotPlug+ Surprise+ Interlock- NoCompl+ IbPresDis- LLActRep+
2025-03-18T13:04:08.673296+08:00 test-System-Product-Name kernel: shpchp: Standard Hot Plug PCI Controller Driver version: 0.4
2025-03-18T13:04:08.673298+08:00 test-System-Product-Name kernel: Monitor-Mwait will be used to enter C-1 state
2025-03-18T13:04:08.673303+08:00 test-System-Product-Name kernel: Monitor-Mwait will be used to enter C-2 state
2025-03-18T13:04:08.673304+08:00 test-System-Product-Name kernel: Monitor-Mwait will be used to enter C-3 state
2025-03-18T13:04:08.673305+08:00 test-System-Product-Name kernel: ACPI: \_SB_.PR00: Found 3 idle states
2025-03-18T13:04:08.673306+08:00 test-System-Product-Name kernel: input: Sleep Button as /devices/LNXSYSTM:00/LNXSYBUS:00/PNP0C0E:00/input/input0
2025-03-18T13:04:08.673307+08:00 test-System-Product-Name kernel: ACPI: button: Sleep Button [SLPB]
2025-03-18T13:04:08.673307+08:00 test-System-Product-Name kernel: input: Power Button as /devices/LNXSYSTM:00/LNXSYBUS:00/PNP0C0C:00/input/input1
2025-03-18T13:04:08.673314+08:00 test-System-Product-Name kernel: ACPI: button: Power Button [PWRB]
2025-03-18T13:04:08.673316+08:00 test-System-Product-Name kernel: input: Power Button as /devices/LNXSYSTM:00/LNXPWRBN:00/input/input2
2025-03-18T13:04:08.673317+08:00 test-System-Product-Name kernel: ACPI: button: Power Button [PWRF]
2025-03-18T13:04:08.673318+08:00 test-System-Product-Name kernel: thermal LNXTHERM:00: registered as thermal_zone0
2025-03-18T13:04:08.673318+08:00 test-System-Product-Name kernel: ACPI: thermal: Thermal Zone [TZ00] (28 C)
2025-03-18T13:04:08.673319+08:00 test-System-Product-Name kernel: Serial: 8250/16550 driver, 32 ports, IRQ sharing enabled
2025-03-18T13:04:08.673320+08:00 test-System-Product-Name kernel: 00:01: ttyS0 at I/O 0x3f8 (irq = 4, base_baud = 115200) is a 16550A
2025-03-18T13:04:08.673326+08:00 test-System-Product-Name kernel: hpet_acpi_add: no address or irqs in _CRS
2025-03-18T13:04:08.673327+08:00 test-System-Product-Name kernel: Linux agpgart interface v0.103
2025-03-18T13:04:08.673328+08:00 test-System-Product-Name kernel: loop: module loaded
2025-03-18T13:04:08.673329+08:00 test-System-Product-Name kernel: ACPI: bus type drm_connector registered
2025-03-18T13:04:08.673330+08:00 test-System-Product-Name kernel: tun: Universal TUN/TAP device driver, 1.6
2025-03-18T13:04:08.673377+08:00 test-System-Product-Name kernel: PPP generic driver version 2.4.2
2025-03-18T13:04:08.673385+08:00 test-System-Product-Name kernel: i8042: PNP: No PS/2 controller found.
2025-03-18T13:04:08.673386+08:00 test-System-Product-Name kernel: mousedev: PS/2 mouse device common for all mice
2025-03-18T13:04:08.673388+08:00 test-System-Product-Name kernel: rtc_cmos rtc_cmos: RTC can wake from S4
2025-03-18T13:04:08.673389+08:00 test-System-Product-Name kernel: rtc_cmos rtc_cmos: registered as rtc0
2025-03-18T13:04:08.673390+08:00 test-System-Product-Name kernel: rtc_cmos rtc_cmos: setting system clock to 2025-03-18T05:04:03 UTC (1742274243)
2025-03-18T13:04:08.673391+08:00 test-System-Product-Name kernel: rtc_cmos rtc_cmos: alarms up to one month, y3k, 114 bytes nvram
2025-03-18T13:04:08.673391+08:00 test-System-Product-Name kernel: i2c_dev: i2c /dev entries driver
2025-03-18T13:04:08.673400+08:00 test-System-Product-Name kernel: device-mapper: core: CONFIG_IMA_DISABLE_HTABLE is disabled. Duplicate IMA measurements will not be recorded in the IMA log.
2025-03-18T13:04:08.673402+08:00 test-System-Product-Name kernel: device-mapper: uevent: version 1.0.3
2025-03-18T13:04:08.673403+08:00 test-System-Product-Name kernel: device-mapper: ioctl: 4.48.0-ioctl (2023-03-01) initialised: dm-devel@redhat.com
2025-03-18T13:04:08.673404+08:00 test-System-Product-Name kernel: platform eisa.0: Probing EISA bus 0
2025-03-18T13:04:08.673405+08:00 test-System-Product-Name kernel: platform eisa.0: EISA: Cannot allocate resource for mainboard
2025-03-18T13:04:08.673406+08:00 test-System-Product-Name kernel: platform eisa.0: Cannot allocate resource for EISA slot 1
2025-03-18T13:04:08.673411+08:00 test-System-Product-Name kernel: platform eisa.0: Cannot allocate resource for EISA slot 2
2025-03-18T13:04:08.673412+08:00 test-System-Product-Name kernel: platform eisa.0: Cannot allocate resource for EISA slot 3
2025-03-18T13:04:08.673413+08:00 test-System-Product-Name kernel: platform eisa.0: Cannot allocate resource for EISA slot 4
2025-03-18T13:04:08.673415+08:00 test-System-Product-Name kernel: platform eisa.0: Cannot allocate resource for EISA slot 5
2025-03-18T13:04:08.673420+08:00 test-System-Product-Name kernel: platform eisa.0: Cannot allocate resource for EISA slot 6
2025-03-18T13:04:08.673421+08:00 test-System-Product-Name kernel: platform eisa.0: Cannot allocate resource for EISA slot 7
2025-03-18T13:04:08.673427+08:00 test-System-Product-Name kernel: platform eisa.0: Cannot allocate resource for EISA slot 8
2025-03-18T13:04:08.673429+08:00 test-System-Product-Name kernel: platform eisa.0: EISA: Detected 0 cards
2025-03-18T13:04:08.673430+08:00 test-System-Product-Name kernel: intel_pstate: Intel P-state driver initializing
2025-03-18T13:04:08.673431+08:00 test-System-Product-Name kernel: intel_pstate: HWP enabled
2025-03-18T13:04:08.673432+08:00 test-System-Product-Name kernel: ledtrig-cpu: registered to indicate activity on CPUs
2025-03-18T13:04:08.673434+08:00 test-System-Product-Name kernel: [drm] Initialized simpledrm 1.0.0 20200625 for simple-framebuffer.0 on minor 0
2025-03-18T13:04:08.673435+08:00 test-System-Product-Name kernel: fbcon: Deferring console take-over
2025-03-18T13:04:08.673440+08:00 test-System-Product-Name kernel: simple-framebuffer simple-framebuffer.0: [drm] fb0: simpledrmdrmfb frame buffer device
2025-03-18T13:04:08.673442+08:00 test-System-Product-Name kernel: drop_monitor: Initializing network drop monitor service
2025-03-18T13:04:08.673443+08:00 test-System-Product-Name kernel: NET: Registered PF_INET6 protocol family
2025-03-18T13:04:08.673450+08:00 test-System-Product-Name kernel: Freeing initrd memory: 512152K
2025-03-18T13:04:08.673451+08:00 test-System-Product-Name kernel: Segment Routing with IPv6
2025-03-18T13:04:08.673452+08:00 test-System-Product-Name kernel: In-situ OAM (IOAM) with IPv6
2025-03-18T13:04:08.673458+08:00 test-System-Product-Name kernel: NET: Registered PF_PACKET protocol family
2025-03-18T13:04:08.673459+08:00 test-System-Product-Name kernel: Key type dns_resolver registered
2025-03-18T13:04:08.673460+08:00 test-System-Product-Name kernel: ENERGY_PERF_BIAS: Set to 'normal', was 'performance'
2025-03-18T13:04:08.673460+08:00 test-System-Product-Name kernel: microcode: Current revision: 0x0000012c
2025-03-18T13:04:08.673461+08:00 test-System-Product-Name kernel: microcode: Updated early from: 0x00000123
2025-03-18T13:04:08.673462+08:00 test-System-Product-Name kernel: IPI shorthand broadcast: enabled
2025-03-18T13:04:08.673467+08:00 test-System-Product-Name kernel: sched_clock: Marking stable (1574000669, 6041998)->(1617523327, -37480660)
2025-03-18T13:04:08.673468+08:00 test-System-Product-Name kernel: registered taskstats version 1
2025-03-18T13:04:08.673469+08:00 test-System-Product-Name kernel: Loading compiled-in X.509 certificates
2025-03-18T13:04:08.673477+08:00 test-System-Product-Name kernel: Loaded X.509 cert 'Build time autogenerated kernel key: 8cc6ca16cc323296fe78363cc1c3eaa0b0990138'
2025-03-18T13:04:08.673479+08:00 test-System-Product-Name kernel: Loaded X.509 cert 'Canonical Ltd. Live Patch Signing: 14df34d1a87cf37625abec039ef2bf521249b969'
2025-03-18T13:04:08.673479+08:00 test-System-Product-Name kernel: Loaded X.509 cert 'Canonical Ltd. Kernel Module Signing: 88f752e560a1e0737e31163a466ad7b70a850c19'
2025-03-18T13:04:08.673481+08:00 test-System-Product-Name kernel: blacklist: Loading compiled-in revocation X.509 certificates
2025-03-18T13:04:08.673487+08:00 test-System-Product-Name kernel: Loaded X.509 cert 'Canonical Ltd. Secure Boot Signing: 61482aa2830d0ab2ad5af10b7250da9033ddcef0'
2025-03-18T13:04:08.673488+08:00 test-System-Product-Name kernel: Loaded X.509 cert 'Canonical Ltd. Secure Boot Signing (2017): 242ade75ac4a15e50d50c84b0d45ff3eae707a03'
2025-03-18T13:04:08.673490+08:00 test-System-Product-Name kernel: Loaded X.509 cert 'Canonical Ltd. Secure Boot Signing (ESM 2018): 365188c1d374d6b07c3c8f240f8ef722433d6a8b'
2025-03-18T13:04:08.673490+08:00 test-System-Product-Name kernel: Loaded X.509 cert 'Canonical Ltd. Secure Boot Signing (2019): c0746fd6c5da3ae827864651ad66ae47fe24b3e8'
2025-03-18T13:04:08.673491+08:00 test-System-Product-Name kernel: Loaded X.509 cert 'Canonical Ltd. Secure Boot Signing (2021 v1): a8d54bbb3825cfb94fa13c9f8a594a195c107b8d'
2025-03-18T13:04:08.673498+08:00 test-System-Product-Name kernel: Loaded X.509 cert 'Canonical Ltd. Secure Boot Signing (2021 v2): 4cf046892d6fd3c9a5b03f98d845f90851dc6a8c'
2025-03-18T13:04:08.673566+08:00 test-System-Product-Name kernel: Loaded X.509 cert 'Canonical Ltd. Secure Boot Signing (2021 v3): 100437bb6de6e469b581e61cd66bce3ef4ed53af'
2025-03-18T13:04:08.673568+08:00 test-System-Product-Name kernel: Loaded X.509 cert 'Canonical Ltd. Secure Boot Signing (Ubuntu Core 2019): c1d57b8f6b743f23ee41f4f7ee292f06eecadfb9'
2025-03-18T13:04:08.673571+08:00 test-System-Product-Name kernel: Key type .fscrypt registered
2025-03-18T13:04:08.673572+08:00 test-System-Product-Name kernel: Key type fscrypt-provisioning registered
2025-03-18T13:04:08.673573+08:00 test-System-Product-Name kernel: Key type trusted registered
2025-03-18T13:04:08.673581+08:00 test-System-Product-Name kernel: Key type encrypted registered
2025-03-18T13:04:08.673582+08:00 test-System-Product-Name kernel: AppArmor: AppArmor sha256 policy hashing enabled
2025-03-18T13:04:08.673584+08:00 test-System-Product-Name kernel: integrity: Loading X.509 certificate: UEFI:db
2025-03-18T13:04:08.673585+08:00 test-System-Product-Name kernel: integrity: Loaded X.509 cert 'ASUSTeK MotherBoard SW Key Certificate: da83b990422ebc8c441f8d8b039a65a2'
2025-03-18T13:04:08.673593+08:00 test-System-Product-Name kernel: integrity: Loading X.509 certificate: UEFI:db
